###############################################################################
#
# IAR ELF Linker V8.22.1.15669/W32 for ARM                10/Oct/2019  21:01:54
# Copyright 2007-2018 IAR Systems AB.
#
#    Output file  =  D:\RoboconCode\19_frame\EWARM\19_frame\Exe\19_frame.out
#    Map file     =  D:\RoboconCode\19_frame\EWARM\19_frame\List\19_frame.map
#    Command line =  
#        -f C:\Users\12552\AppData\Local\Temp\EW44EC.tmp
#        (D:\RoboconCode\19_frame\EWARM\19_frame\Obj\can.o
#        D:\RoboconCode\19_frame\EWARM\19_frame\Obj\can_func.o
#        D:\RoboconCode\19_frame\EWARM\19_frame\Obj\can_utils.o
#        D:\RoboconCode\19_frame\EWARM\19_frame\Obj\chassis.o
#        D:\RoboconCode\19_frame\EWARM\19_frame\Obj\cmd.o
#        D:\RoboconCode\19_frame\EWARM\19_frame\Obj\cmd_func.o
#        D:\RoboconCode\19_frame\EWARM\19_frame\Obj\configure.o
#        D:\RoboconCode\19_frame\EWARM\19_frame\Obj\dma.o
#        D:\RoboconCode\19_frame\EWARM\19_frame\Obj\flash.o
#        D:\RoboconCode\19_frame\EWARM\19_frame\Obj\gpio.o
#        D:\RoboconCode\19_frame\EWARM\19_frame\Obj\hash.o
#        D:\RoboconCode\19_frame\EWARM\19_frame\Obj\main.o
#        D:\RoboconCode\19_frame\EWARM\19_frame\Obj\maxon.o
#        D:\RoboconCode\19_frame\EWARM\19_frame\Obj\point_zx.o
#        D:\RoboconCode\19_frame\EWARM\19_frame\Obj\simplelib.o
#        D:\RoboconCode\19_frame\EWARM\19_frame\Obj\startup_stm32f407xx.o
#        D:\RoboconCode\19_frame\EWARM\19_frame\Obj\stm32f4xx_hal.o
#        D:\RoboconCode\19_frame\EWARM\19_frame\Obj\stm32f4xx_hal_can.o
#        D:\RoboconCode\19_frame\EWARM\19_frame\Obj\stm32f4xx_hal_cortex.o
#        D:\RoboconCode\19_frame\EWARM\19_frame\Obj\stm32f4xx_hal_dma.o
#        D:\RoboconCode\19_frame\EWARM\19_frame\Obj\stm32f4xx_hal_dma_ex.o
#        D:\RoboconCode\19_frame\EWARM\19_frame\Obj\stm32f4xx_hal_exti.o
#        D:\RoboconCode\19_frame\EWARM\19_frame\Obj\stm32f4xx_hal_flash.o
#        D:\RoboconCode\19_frame\EWARM\19_frame\Obj\stm32f4xx_hal_flash_ex.o
#        D:\RoboconCode\19_frame\EWARM\19_frame\Obj\stm32f4xx_hal_flash_ramfunc.o
#        D:\RoboconCode\19_frame\EWARM\19_frame\Obj\stm32f4xx_hal_gpio.o
#        D:\RoboconCode\19_frame\EWARM\19_frame\Obj\stm32f4xx_hal_msp.o
#        D:\RoboconCode\19_frame\EWARM\19_frame\Obj\stm32f4xx_hal_pwr.o
#        D:\RoboconCode\19_frame\EWARM\19_frame\Obj\stm32f4xx_hal_pwr_ex.o
#        D:\RoboconCode\19_frame\EWARM\19_frame\Obj\stm32f4xx_hal_rcc.o
#        D:\RoboconCode\19_frame\EWARM\19_frame\Obj\stm32f4xx_hal_rcc_ex.o
#        D:\RoboconCode\19_frame\EWARM\19_frame\Obj\stm32f4xx_hal_tim.o
#        D:\RoboconCode\19_frame\EWARM\19_frame\Obj\stm32f4xx_hal_tim_ex.o
#        D:\RoboconCode\19_frame\EWARM\19_frame\Obj\stm32f4xx_hal_uart.o
#        D:\RoboconCode\19_frame\EWARM\19_frame\Obj\stm32f4xx_it.o
#        D:\RoboconCode\19_frame\EWARM\19_frame\Obj\stmflash.o
#        D:\RoboconCode\19_frame\EWARM\19_frame\Obj\system_stm32f4xx.o
#        D:\RoboconCode\19_frame\EWARM\19_frame\Obj\tim.o
#        D:\RoboconCode\19_frame\EWARM\19_frame\Obj\usart.o
#        D:\RoboconCode\19_frame\EWARM\19_frame\Obj\utils.o
#        D:\RoboconCode\19_frame\EWARM\19_frame\Obj\vec.o
#        D:\RoboconCode\19_frame\EWARM\19_frame\Obj\vega_action.o -o
#        D:\RoboconCode\19_frame\EWARM\19_frame\Exe\19_frame.out --map
#        D:\RoboconCode\19_frame\EWARM\19_frame\List\19_frame.map --config
#        "D:\Èí¼þ\IAR For RAM\arm\CONFIG\generic_cortex.icf" --semihosting
#        --entry __iar_program_start --vfe --text_out locale)
#
###############################################################################

*******************************************************************************
*** RUNTIME MODEL ATTRIBUTES
***

CppFlavor       = *
__Heap_Handler  = DLMalloc
__SystemLibrary = DLib
__dlib_version  = 6


*******************************************************************************
*** HEAP SELECTION
***

The advanced heap was selected because the application calls memory
allocation functions outside of system library functions, and there
are calls to deallocation functions in the application.


*******************************************************************************
*** PLACEMENT SUMMARY
***

"A0":  place at 0x00000000 { ro section .intvec };
"P1":  place in [from 0x00000000 to 0x0007ffff] { ro };
define block CSTACK with size = 1K, alignment = 8 { };
define block PROC_STACK with size = 0M, alignment = 8 { };
define block HEAP with size = 2K, alignment = 8 { };
"P2":  place in [from 0x20000000 to 0x2000ffff] {
          rw, block CSTACK, block PROC_STACK, block HEAP };
initialize by copy { rw };

  Section            Kind        Address    Size  Object
  -------            ----        -------    ----  ------
"A0":                                      0x188
  .intvec            ro code  0x00000000   0x188  startup_stm32f407xx.o [1]
                            - 0x00000188   0x188

"P1":                                     0x83da
  .text              ro code  0x00000188   0xf78  dlmalloc.o [3]
  .text              ro code  0x00001100     0x6  abort.o [3]
  .text              ro code  0x00001106    0x1a  xsnprout.o [3]
  .text              ro code  0x00001120    0x2c  xgetmemchunk.o [3]
  .text              ro code  0x0000114c    0x14  exit.o [6]
  .text              ro code  0x00001160   0xe22  xprintffull_nomb.o [3]
  .text              ro code  0x00001f84    0x16  strchr.o [5]
  .text              ro code  0x00001f9c    0x40  xfail_s.o [3]
  .text              ro code  0x00001fdc    0x36  strlen.o [5]
  .text              ro code  0x00002014    0x58  memchr.o [5]
  .text              ro code  0x0000206c   0x22e  I64DivMod.o [5]
  .text              ro code  0x0000229c   0x1a2  DblMul.o [4]
  .text              ro code  0x00002440    0xa6  ABImemcpy.o [5]
  .text              ro code  0x000024e8    0x70  frexp.o [4]
  .text              ro code  0x00002558    0x2e  DblCmpLe.o [4]
  .text              ro code  0x00002588    0x2e  DblCmpGe.o [4]
  .text              ro code  0x000025b8   0x13a  ldexp.o [4]
  .text              ro code  0x000026f4    0x3a  DblToS32.o [4]
  .text              ro code  0x00002730    0x22  S32ToDbl.o [4]
  .text              ro code  0x00002754    0xe2  DblSub.o [4]
  .text              ro code  0x00002838   0x246  DblDiv.o [4]
  .text              ro code  0x00002a80    0x28  DblToU32.o [4]
  .text              ro code  0x00002aa8    0x1a  U32ToDbl.o [4]
  .text              ro code  0x00002ac4     0x2  I64DivZer.o [5]
  .text              ro code  0x00002ac8   0x178  DblAdd.o [4]
  .text              ro code  0x00002c40   0xa40  chassis.o [1]
  .text              ro code  0x00003680    0x12  FltDiv.o [4]
  .text              ro code  0x00003694    0x48  FltToDbl.o [4]
  .text              ro code  0x000036dc    0x68  DblToFlt.o [4]
  .text              ro code  0x00003744    0x12  FltAdd.o [4]
  .text              ro code  0x00003756    0x12  FltSub.o [4]
  .text              ro code  0x00003768    0x2c  vec.o [1]
  .text              ro code  0x00003794    0x24  FltCmpGe.o [4]
  .text              ro code  0x000037b8    0x24  FltCmpLe.o [4]
  .text              ro code  0x000037dc    0x12  FltMul.o [4]
  .text              ro code  0x000037f0   0x448  cos_sin64.o [4]
  .text              ro code  0x00003c38     0xe  FltToS32.o [4]
  .text              ro code  0x00003c48    0x80  maxon.o [1]
  .text              ro code  0x00003cc8    0x1e  math_wrappers32.o [4]
  .text              ro code  0x00003ce8    0x2e  sqrtf.o [4]
  .text              ro code  0x00003d18    0x7a  atan2f.o [4]
  .text              ro code  0x00003d94    0x94  utils.o [1]
  .text              ro code  0x00003e28     0xe  S32ToFlt.o [4]
  .text              ro code  0x00003e38   0x328  cmd.o [1]
  .text              ro code  0x00004160    0xf2  sqrt.o [4]
  .text              ro code  0x00004254   0x180  can_utils.o [1]
  .text              ro code  0x000043d4   0x1e0  cos_sin32.o [4]
  .text              ro code  0x000045b4    0xa4  xatanf.o [4]
  .text              ro code  0x00004658   0x646  stm32f4xx_hal_uart.o [1]
  .text              ro code  0x00004ca0   0x208  hash.o [1]
  .text              ro code  0x00004ea8     0x6  ABImemclr4.o [5]
  .text              ro code  0x00004eb0    0x4c  strcpy.o [5]
  .text              ro code  0x00004efc    0x48  strtok.o [3]
  .text              ro code  0x00004f44    0x3c  vsnprint.o [3]
  .text              ro code  0x00004f80    0x28  stm32f4xx_hal.o [1]
  .text              ro code  0x00004fa8    0x4a  strcmp.o [5]
  .text              ro code  0x00004ff4   0x656  stm32f4xx_hal_can.o [1]
  .text              ro code  0x0000564c   0x19c  main.o [1]
  .text              ro code  0x000057e8    0x20  can_func.o [1]
  .text              ro code  0x00005808   0x3b2  usart.o [1]
  .text              ro code  0x00005bbc   0x400  stm32f4xx_hal_dma.o [1]
  .text              ro code  0x00005fbc     0x2  stm32f4xx_hal_uart.o [1]
  .text              ro code  0x00005fbe     0x2  stm32f4xx_hal_uart.o [1]
  .text              ro code  0x00005fc0     0x2  stm32f4xx_hal_uart.o [1]
  .text              ro code  0x00005fc2     0x2  stm32f4xx_hal_uart.o [1]
  .text              ro code  0x00005fc4   0x1a4  stm32f4xx_hal_rcc.o [1]
  .text              ro code  0x00006168    0x24  ABIassert.o [6]
  .text              ro code  0x0000618c    0x32  ABImemset48.o [5]
  .text              ro code  0x000061be    0x22  strspn.o [3]
  .text              ro code  0x000061e0    0x22  strcspn.o [3]
  .text              ro code  0x00006204     0xc  stm32f4xx_hal.o [1]
  .text              ro code  0x00006210    0xb8  can.o [1]
  .text              ro code  0x000062c8     0x2  stm32f4xx_hal_can.o [1]
  .text              ro code  0x000062ca     0x2  stm32f4xx_hal_can.o [1]
  .text              ro code  0x000062cc     0x2  stm32f4xx_hal_can.o [1]
  .text              ro code  0x000062ce     0x2  stm32f4xx_hal_can.o [1]
  .text              ro code  0x000062d0     0x2  stm32f4xx_hal_can.o [1]
  .text              ro code  0x000062d2     0x2  stm32f4xx_hal_can.o [1]
  .text              ro code  0x000062d4     0x2  stm32f4xx_hal_can.o [1]
  .text              ro code  0x000062d6     0x2  stm32f4xx_hal_can.o [1]
  .text              ro code  0x000062d8     0x2  stm32f4xx_hal_can.o [1]
  .text              ro code  0x000062da     0x2  stm32f4xx_hal_can.o [1]
  .text              ro code  0x000062dc     0x2  stm32f4xx_hal_can.o [1]
  .text              ro code  0x000062e0    0x34  stm32f4xx_hal.o [1]
  .text              ro code  0x00006314   0x226  gpio.o [1]
  .text              ro code  0x0000653c    0x78  dma.o [1]
  .text              ro code  0x000065b4   0x1ec  tim.o [1]
  .text              ro code  0x000067a0    0xe4  stm32f4xx_hal_cortex.o [1]
  .text              ro code  0x00006884    0x64  simplelib.o [1]
  .text              ro code  0x000068e8   0x2f0  stm32f4xx_hal_rcc.o [1]
  .text              ro code  0x00006bd8   0x1ec  stm32f4xx_hal_gpio.o [1]
  .text              ro code  0x00006dc4    0x40  stm32f4xx_hal.o [1]
  .text              ro code  0x00006e04    0x38  stm32f4xx_hal_msp.o [1]
  .text              ro code  0x00006e3c   0x488  stm32f4xx_hal_tim.o [1]
  .text              ro code  0x000072c4    0x92  stm32f4xx_hal_tim_ex.o [1]
  .text              ro code  0x00007358   0x250  cmd_func.o [1]
  .text              ro code  0x000075a8   0x5a0  strto64.o [4]
  .text              ro code  0x00007b48   0x174  iar_Stoulx.o [3]
  .text              ro code  0x00007cbc   0x120  iar_Stopfx.o [3]
  .text              ro code  0x00007ddc   0x1c8  iar_Stoflt.o [3]
  .text              ro code  0x00007fa4   0x214  iar_Stoxflt.o [3]
  .text              ro code  0x000081b8    0x78  stm32f4xx_it.o [1]
  .text              ro code  0x00008230    0x10  stm32f4xx_hal.o [1]
  .text              ro code  0x00008240    0x50  system_stm32f4xx.o [1]
  .text              ro code  0x00008290    0x40  zero_init3.o [5]
  .text              ro code  0x000082d0    0x38  packbits_init_single.o [5]
  .text              ro code  0x00008308    0x28  data_init.o [5]
  .text              ro code  0x00008330    0x22  fpinit_M.o [4]
  .iar.init_table    const    0x00008354    0x20  - Linker created -
  .text              ro code  0x00008374    0x1e  cmain.o [5]
  .text              ro code  0x00008392     0x4  low_level_init.o [3]
  .text              ro code  0x00008396     0x4  exit.o [3]
  .text              ro code  0x0000839c     0xa  cexit.o [5]
  .text              ro code  0x000083a8    0x10  startup_stm32f407xx.o [1]
  .text              ro code  0x000083b8     0xc  cstartup_M.o [5]
  .rodata            const    0x000083c4     0x8  system_stm32f4xx.o [1]
  .text              ro code  0x000083cc     0x4  startup_stm32f407xx.o [1]
  .text              ro code  0x000083d0     0x4  startup_stm32f407xx.o [1]
  .text              ro code  0x000083d4     0x4  startup_stm32f407xx.o [1]
  .text              ro code  0x000083d8     0x4  startup_stm32f407xx.o [1]
  .text              ro code  0x000083dc     0x4  startup_stm32f407xx.o [1]
  .text              ro code  0x000083e0     0x4  startup_stm32f407xx.o [1]
  .text              ro code  0x000083e4     0x4  startup_stm32f407xx.o [1]
  .text              ro code  0x000083e8     0x4  startup_stm32f407xx.o [1]
  .text              ro code  0x000083ec     0x4  startup_stm32f407xx.o [1]
  .text              ro code  0x000083f0     0x4  startup_stm32f407xx.o [1]
  .text              ro code  0x000083f4     0x4  startup_stm32f407xx.o [1]
  .text              ro code  0x000083f8     0x4  startup_stm32f407xx.o [1]
  .text              ro code  0x000083fc     0x4  startup_stm32f407xx.o [1]
  .text              ro code  0x00008400     0x4  startup_stm32f407xx.o [1]
  .text              ro code  0x00008404     0x4  startup_stm32f407xx.o [1]
  .text              ro code  0x00008408     0x4  startup_stm32f407xx.o [1]
  .text              ro code  0x0000840c     0x4  startup_stm32f407xx.o [1]
  .text              ro code  0x00008410     0x4  startup_stm32f407xx.o [1]
  .text              ro code  0x00008414     0x4  startup_stm32f407xx.o [1]
  .text              ro code  0x00008418     0x4  startup_stm32f407xx.o [1]
  .text              ro code  0x0000841c     0x4  startup_stm32f407xx.o [1]
  .text              ro code  0x00008420     0x4  startup_stm32f407xx.o [1]
  .text              ro code  0x00008424     0x4  startup_stm32f407xx.o [1]
  .text              ro code  0x00008428     0x4  startup_stm32f407xx.o [1]
  .text              ro code  0x0000842c     0x4  startup_stm32f407xx.o [1]
  .text              ro code  0x00008430     0x4  startup_stm32f407xx.o [1]
  .text              ro code  0x00008434     0x4  startup_stm32f407xx.o [1]
  .text              ro code  0x00008438     0x4  startup_stm32f407xx.o [1]
  .text              ro code  0x0000843c     0x4  startup_stm32f407xx.o [1]
  .text              ro code  0x00008440     0x4  startup_stm32f407xx.o [1]
  .text              ro code  0x00008444     0x4  startup_stm32f407xx.o [1]
  .text              ro code  0x00008448     0x4  startup_stm32f407xx.o [1]
  .text              ro code  0x0000844c     0x4  startup_stm32f407xx.o [1]
  .text              ro code  0x00008450     0x4  startup_stm32f407xx.o [1]
  .text              ro code  0x00008454     0x4  startup_stm32f407xx.o [1]
  .text              ro code  0x00008458     0x4  startup_stm32f407xx.o [1]
  .text              ro code  0x0000845c     0x4  startup_stm32f407xx.o [1]
  .text              ro code  0x00008460     0x4  startup_stm32f407xx.o [1]
  .text              ro code  0x00008464     0x4  startup_stm32f407xx.o [1]
  .text              ro code  0x00008468     0x4  startup_stm32f407xx.o [1]
  .text              ro code  0x0000846c     0x4  startup_stm32f407xx.o [1]
  .text              ro code  0x00008470     0x4  startup_stm32f407xx.o [1]
  .text              ro code  0x00008474     0x4  startup_stm32f407xx.o [1]
  .text              ro code  0x00008478     0x4  startup_stm32f407xx.o [1]
  .text              ro code  0x0000847c     0x4  startup_stm32f407xx.o [1]
  .text              ro code  0x00008480     0x4  startup_stm32f407xx.o [1]
  .text              ro code  0x00008484     0x4  startup_stm32f407xx.o [1]
  .text              ro code  0x00008488     0x4  startup_stm32f407xx.o [1]
  .text              ro code  0x0000848c     0x4  startup_stm32f407xx.o [1]
  .text              ro code  0x00008490     0x4  startup_stm32f407xx.o [1]
  .text              ro code  0x00008494     0x4  startup_stm32f407xx.o [1]
  .text              ro code  0x00008498     0x4  startup_stm32f407xx.o [1]
  .text              ro code  0x0000849c     0x4  startup_stm32f407xx.o [1]
  .text              ro code  0x000084a0     0x4  startup_stm32f407xx.o [1]
  .text              ro code  0x000084a4     0x4  startup_stm32f407xx.o [1]
  .text              ro code  0x000084a8     0x4  startup_stm32f407xx.o [1]
  .text              ro code  0x000084ac     0x4  startup_stm32f407xx.o [1]
  .text              ro code  0x000084b0     0x4  startup_stm32f407xx.o [1]
  .text              ro code  0x000084b4     0x4  startup_stm32f407xx.o [1]
  .text              ro code  0x000084b8     0x4  startup_stm32f407xx.o [1]
  .text              ro code  0x000084bc     0x4  startup_stm32f407xx.o [1]
  .text              ro code  0x000084c0     0x4  startup_stm32f407xx.o [1]
  .text              ro code  0x000084c4     0x4  startup_stm32f407xx.o [1]
  .text              ro code  0x000084c8     0x4  startup_stm32f407xx.o [1]
  .text              ro code  0x000084cc     0x4  startup_stm32f407xx.o [1]
  .text              ro code  0x000084d0     0x4  startup_stm32f407xx.o [1]
  .text              ro code  0x000084d4     0x4  startup_stm32f407xx.o [1]
  .text              ro code  0x000084d8     0x4  startup_stm32f407xx.o [1]
  .text              ro code  0x000084dc     0x4  startup_stm32f407xx.o [1]
  .text              ro code  0x000084e0     0x4  startup_stm32f407xx.o [1]
  .text              ro code  0x000084e4     0x4  startup_stm32f407xx.o [1]
  .text              ro code  0x000084e8     0x4  startup_stm32f407xx.o [1]
  .text              ro code  0x000084ec     0x4  startup_stm32f407xx.o [1]
  .rodata            const    0x000084f0     0x0  zero_init3.o [5]
  .rodata            const    0x000084f0     0x0  packbits_init_single.o [5]
  Initializer bytes  const    0x000084f0    0x72  <for P2-1>
                            - 0x00008562  0x83da

"P2", part 1 of 3:                         0x714
  P2-1                        0x20000000   0x714  <Init block>
    .data            inited   0x20000000     0xc  chassis.o [1]
    .data            inited   0x2000000c     0xc  chassis.o [1]
    .data            inited   0x20000018    0xa4  chassis.o [1]
    .data            inited   0x200000bc     0x8  chassis.o [1]
    .data            inited   0x200000c4   0x320  point_zx.o [1]
    .data            inited   0x200003e4   0x320  point_zx.o [1]
    .data            inited   0x20000704     0xc  stm32f4xx_hal.o [1]
    .data            inited   0x20000710     0x4  system_stm32f4xx.o [1]
                            - 0x20000714   0x714

"P2", part 2 of 3:                         0x8b4
  .bss               zero     0x20000714   0x1d8  dlmalloc.o [3]
  .bss               zero     0x200008ec   0x180  usart.o [1]
  .bss               zero     0x20000a6c    0xe8  cmd.o [1]
  .bss               zero     0x20000b54    0xa8  cmd.o [1]
  .bss               zero     0x20000bfc    0x98  cmd.o [1]
  .bss               zero     0x20000c94    0x64  cmd.o [1]
  .bss               zero     0x20000cf8     0xc  configure.o [1]
  .bss               zero     0x20000d08    0x5c  can_utils.o [1]
  .bss               zero     0x20000d64    0x40  tim.o [1]
  .bss               zero     0x20000da4    0x40  tim.o [1]
  .bss               zero     0x20000de4    0x40  usart.o [1]
  .bss               zero     0x20000e24    0x40  usart.o [1]
  .bss               zero     0x20000e64    0x40  usart.o [1]
  .bss               zero     0x20000ea4    0x40  usart.o [1]
  .bss               zero     0x20000ee4    0x40  usart.o [1]
  .bss               zero     0x20000f24    0x28  can.o [1]
  .bss               zero     0x20000f4c    0x28  can_utils.o [1]
  .bss               zero     0x20000f74    0x18  dlmalloc.o [3]
  .bss               zero     0x20000f8c     0xc  main.o [1]
  .bss               zero     0x20000f98     0x8  chassis.o [1]
  .bss               zero     0x20000fa0     0x8  chassis.o [1]
  .bss               zero     0x20000fa8     0x8  cmd_func.o [1]
  .bss               zero     0x20000fb0     0x8  maxon.o [1]
  .bss               zero     0x20000fb8     0x4  cmd.o [1]
  .bss               zero     0x20000fbc     0x4  strtok.o [3]
  .bss               zero     0x20000fc0     0x4  xgetmemchunk.o [3]
  .bss               zero     0x20000fc4     0x4  xfail_s.o [3]
                            - 0x20000fc8   0x8b4

"P2", part 3 of 3:                         0xc00
  CSTACK                      0x20000fc8   0x400  <Block>
    CSTACK           uninit   0x20000fc8   0x400  <Block tail>
  HEAP                        0x200013c8   0x800  <Block>
    HEAP             uninit   0x200013c8   0x800  <Block tail>
                            - 0x20001bc8   0xc00


*******************************************************************************
*** INIT TABLE
***

          Address     Size
          -------     ----
Zero (__iar_zero_init3)
    1 destination range, total size 0x8b4:
          0x20000714  0x8b4

Copy/packbits (__iar_packbits_init_single3)
    1 source range, total size 0x72 (6% of destination):
          0x000084f0   0x72
    1 destination range, total size 0x714:
          0x20000000  0x714



*******************************************************************************
*** MODULE SUMMARY
***

    Module                  ro code  ro data  rw data
    ------                  -------  -------  -------
D:\RoboconCode\19_frame\EWARM\19_frame\Obj: [1]
    can.o                       184                40
    can_func.o                   32
    can_utils.o                 384               132
    chassis.o                 2 624       12      212
    cmd.o                       808               656
    cmd_func.o                  592                 8
    configure.o                                    12
    dma.o                       120
    gpio.o                      550
    hash.o                      520
    main.o                      412                12
    maxon.o                     128                 8
    point_zx.o                           100    1 600
    simplelib.o                 100
    startup_stm32f407xx.o       700
    stm32f4xx_hal.o             184        1       12
    stm32f4xx_hal_can.o       1 644
    stm32f4xx_hal_cortex.o      228
    stm32f4xx_hal_dma.o       1 024
    stm32f4xx_hal_gpio.o        492
    stm32f4xx_hal_msp.o          56
    stm32f4xx_hal_rcc.o       1 172
    stm32f4xx_hal_tim.o       1 160
    stm32f4xx_hal_tim_ex.o      146
    stm32f4xx_hal_uart.o      1 614
    stm32f4xx_it.o              120
    system_stm32f4xx.o           80        9        4
    tim.o                       492               128
    usart.o                     946               704
    utils.o                     148
    vec.o                        44
    -------------------------------------------------
    Total:                   16 704      122    3 528

command line: [2]
    -------------------------------------------------
    Total:

dl7M_tln.a: [3]
    abort.o                       6
    dlmalloc.o                3 960               496
    exit.o                        4
    iar_Stoflt.o                456
    iar_Stopfx.o                288
    iar_Stoulx.o                372
    iar_Stoxflt.o               532
    low_level_init.o              4
    strcspn.o                    34
    strspn.o                     34
    strtok.o                     72                 4
    vsnprint.o                   60
    xfail_s.o                    64                 4
    xgetmemchunk.o               44                 4
    xprintffull_nomb.o        3 618
    xsnprout.o                   26
    -------------------------------------------------
    Total:                    9 574               508

m7M_tls.a: [4]
    DblAdd.o                    376
    DblCmpGe.o                   46
    DblCmpLe.o                   46
    DblDiv.o                    582
    DblMul.o                    418
    DblSub.o                    226
    DblToFlt.o                  104
    DblToS32.o                   58
    DblToU32.o                   40
    FltAdd.o                     18
    FltCmpGe.o                   36
    FltCmpLe.o                   36
    FltDiv.o                     18
    FltMul.o                     18
    FltSub.o                     18
    FltToDbl.o                   72
    FltToS32.o                   14
    S32ToDbl.o                   34
    S32ToFlt.o                   14
    U32ToDbl.o                   26
    atan2f.o                    122
    cos_sin32.o                 480
    cos_sin64.o               1 096
    fpinit_M.o                   34
    frexp.o                     112
    ldexp.o                     314
    math_wrappers32.o            30
    sqrt.o                      242
    sqrtf.o                      46
    strto64.o                 1 440
    xatanf.o                    164
    -------------------------------------------------
    Total:                    6 280

rt7M_tl.a: [5]
    ABImemclr4.o                  6
    ABImemcpy.o                 166
    ABImemset48.o                50
    I64DivMod.o                 558
    I64DivZer.o                   2
    cexit.o                      10
    cmain.o                      30
    cstartup_M.o                 12
    data_init.o                  40
    memchr.o                     88
    packbits_init_single.o       56
    strchr.o                     22
    strcmp.o                     74
    strcpy.o                     76
    strlen.o                     54
    zero_init3.o                 64
    -------------------------------------------------
    Total:                    1 308

shb_l.a: [6]
    ABIassert.o                  36
    exit.o                       20
    -------------------------------------------------
    Total:                       56

    Gaps                         68        2        4
    Linker created                        32    3 072
-----------------------------------------------------
    Grand Total:             33 990      156    7 112


*******************************************************************************
*** ENTRY LIST
***

Entry                      Address   Size  Type      Object
-----                      -------   ----  ----      ------
.iar.init_table$$Base   0x00008354          --   Gb  - Linker created -
.iar.init_table$$Limit  0x00008374          --   Gb  - Linker created -
?main                   0x00008375         Code  Gb  cmain.o [5]
AHBPrescTable           0x00008280   0x10  Data  Gb  system_stm32f4xx.o [1]
APBPrescTable           0x000083c4    0x8  Data  Gb  system_stm32f4xx.o [1]
BoostAndSlowUpdate      0x000030c9   0xa6  Code  Gb  chassis.o [1]
Boost_Period            0x200000bc    0x4  Data  Lc  chassis.o [1]
BusFault_Handler        0x000081bf    0x2  Code  Gb  stm32f4xx_it.o [1]
CAN1_RX0_IRQHandler     0x000081d9    0x6  Code  Gb  stm32f4xx_it.o [1]
CMD_USART               0x20000b54   0x40  Data  Gb  cmd.o [1]
CSTACK$$Base            0x20000fc8          --   Gb  - Linker created -
CSTACK$$Limit           0x200013c8          --   Gb  - Linker created -
DMA1_Stream1_IRQHandler
                        0x000081cd    0x6  Code  Gb  stm32f4xx_it.o [1]
DMA1_Stream3_IRQHandler
                        0x000081d3    0x6  Code  Gb  stm32f4xx_it.o [1]
DMA2_Stream2_IRQHandler
                        0x000081ff    0x6  Code  Gb  stm32f4xx_it.o [1]
DMA2_Stream7_IRQHandler
                        0x00008205    0x6  Code  Gb  stm32f4xx_it.o [1]
DMAUSART_RX_BUF         0x20000bfc   0x64  Data  Gb  cmd.o [1]
DMAUSART_RX_BUF_vega    0x20000a84   0x64  Data  Gb  cmd.o [1]
DMA_CalcBaseAndBitshift
                        0x00005f8d   0x28  Code  Lc  stm32f4xx_hal_dma.o [1]
DMA_CalcBaseAndBitshift::flagBitshiftOffset
                        0x00005fb4    0x8  Data  Lc  stm32f4xx_hal_dma.o [1]
DMA_RxOK_Flag           0x20000ae8    0x4  Data  Gb  cmd.o [1]
DMA_RxOK_Flag_vega      0x20000aec    0x4  Data  Gb  cmd.o [1]
DMA_SetConfig           0x00005f6d   0x20  Code  Lc  stm32f4xx_hal_dma.o [1]
DMAaRxBuffer            0x20000af0   0x64  Data  Gb  cmd.o [1]
DMAaRxBuffer_vega       0x20000c94   0x64  Data  Gb  cmd.o [1]
DebugMon_Handler        0x000081c5    0x2  Code  Gb  stm32f4xx_it.o [1]
Dtentox                 0x0000775d  0x19a  Code  Lc  strto64.o [4]
ERR_angle_m0            0x20000014    0x4  Data  Gb  chassis.o [1]
ERR_angle_m1            0x20000010    0x4  Data  Gb  chassis.o [1]
ERR_angle_m3            0x2000000c    0x4  Data  Gb  chassis.o [1]
Error_Handler           0x000057e5    0x2  Code  Gb  main.o [1]
HAL_CAN_ActivateNotification
                        0x00005437   0x16  Code  Gb  stm32f4xx_hal_can.o [1]
HAL_CAN_AddTxMessage    0x0000525d   0xb6  Code  Gb  stm32f4xx_hal_can.o [1]
HAL_CAN_ConfigFilter    0x00005103   0xd0  Code  Gb  stm32f4xx_hal_can.o [1]
HAL_CAN_GetRxMessage    0x00005339   0xea  Code  Gb  stm32f4xx_hal_can.o [1]
HAL_CAN_IRQHandler      0x00005453  0x1f8  Code  Gb  stm32f4xx_hal_can.o [1]
HAL_CAN_Init            0x00004ff5  0x10e  Code  Gb  stm32f4xx_hal_can.o [1]
HAL_CAN_MspInit         0x00006251   0x66  Code  Gb  can.o [1]
HAL_CAN_RxFifo0FullCallback
                        0x000043a5    0x2  Code  Gb  can_utils.o [1]
HAL_CAN_RxFifo0MsgPendingCallback
                        0x0000431f   0x24  Code  Gb  can_utils.o [1]
HAL_CAN_Start           0x000051e1   0x4c  Code  Gb  stm32f4xx_hal_can.o [1]
HAL_DMA_Abort           0x00005d0d   0x8a  Code  Gb  stm32f4xx_hal_dma.o [1]
HAL_DMA_Abort_IT        0x00005d97   0x24  Code  Gb  stm32f4xx_hal_dma.o [1]
HAL_DMA_IRQHandler      0x00005dbb  0x188  Code  Gb  stm32f4xx_hal_dma.o [1]
HAL_DMA_Init            0x00005bbd   0xe6  Code  Gb  stm32f4xx_hal_dma.o [1]
HAL_DMA_Start_IT        0x00005ca3   0x6a  Code  Gb  stm32f4xx_hal_dma.o [1]
HAL_Delay               0x00004f81   0x28  Code  Wk  stm32f4xx_hal.o [1]
HAL_GPIO_Init           0x00006bd9  0x1b2  Code  Gb  stm32f4xx_hal_gpio.o [1]
HAL_GPIO_WritePin       0x00006d8b    0x8  Code  Gb  stm32f4xx_hal_gpio.o [1]
HAL_GetTick             0x00006205    0xc  Code  Wk  stm32f4xx_hal.o [1]
HAL_IncTick             0x00008231   0x10  Code  Wk  stm32f4xx_hal.o [1]
HAL_Init                0x000062e1   0x30  Code  Gb  stm32f4xx_hal.o [1]
HAL_InitTick            0x00006dc5   0x40  Code  Wk  stm32f4xx_hal.o [1]
HAL_MspInit             0x00006e05   0x38  Code  Gb  stm32f4xx_hal_msp.o [1]
HAL_NVIC_EnableIRQ      0x00006813   0x16  Code  Gb  stm32f4xx_hal_cortex.o [1]
HAL_NVIC_SetPriority    0x000067d9   0x3a  Code  Gb  stm32f4xx_hal_cortex.o [1]
HAL_NVIC_SetPriorityGrouping
                        0x000067bf   0x1a  Code  Gb  stm32f4xx_hal_cortex.o [1]
HAL_RCC_ClockConfig     0x00005fc5   0xfe  Code  Gb  stm32f4xx_hal_rcc.o [1]
HAL_RCC_GetHCLKFreq     0x000060cf    0x6  Code  Gb  stm32f4xx_hal_rcc.o [1]
HAL_RCC_GetPCLK1Freq    0x000060d5   0x10  Code  Gb  stm32f4xx_hal_rcc.o [1]
HAL_RCC_GetPCLK2Freq    0x000060e5    0xe  Code  Gb  stm32f4xx_hal_rcc.o [1]
HAL_RCC_OscConfig       0x000068e9  0x2f0  Code  Wk  stm32f4xx_hal_rcc.o [1]
HAL_SYSTICK_CLKSourceConfig
                        0x00006851   0x1a  Code  Gb  stm32f4xx_hal_cortex.o [1]
HAL_SYSTICK_Callback::time_1ms_cnt
                        0x20000f94    0x4  Data  Lc  main.o [1]
HAL_SYSTICK_Config      0x00006829   0x28  Code  Gb  stm32f4xx_hal_cortex.o [1]
HAL_TIMEx_ConfigBreakDeadTime
                        0x00007303   0x54  Code  Gb  stm32f4xx_hal_tim_ex.o [1]
HAL_TIMEx_MasterConfigSynchronization
                        0x000072c5   0x3e  Code  Gb  stm32f4xx_hal_tim_ex.o [1]
HAL_TIM_Base_Init       0x00006e3d   0x1a  Code  Gb  stm32f4xx_hal_tim.o [1]
HAL_TIM_Base_MspInit    0x000066fd   0x26  Code  Gb  tim.o [1]
HAL_TIM_ConfigClockSource
                        0x00006f7d   0x90  Code  Gb  stm32f4xx_hal_tim.o [1]
HAL_TIM_MspPostInit     0x00006723   0x4e  Code  Gb  tim.o [1]
HAL_TIM_PWM_ConfigChannel
                        0x00006e95   0xc0  Code  Gb  stm32f4xx_hal_tim.o [1]
HAL_TIM_PWM_Init        0x00006e6b   0x1a  Code  Gb  stm32f4xx_hal_tim.o [1]
HAL_TIM_PWM_MspInit     0x000066d7   0x26  Code  Gb  tim.o [1]
HAL_UART_DMAStop        0x000047db   0x48  Code  Gb  stm32f4xx_hal_uart.o [1]
HAL_UART_ErrorCallback  0x00005b79   0x42  Code  Gb  usart.o [1]
HAL_UART_IDLECallback   0x00003eb1   0xaa  Code  Gb  cmd.o [1]
HAL_UART_IRQHandler     0x0000483b  0x152  Code  Gb  stm32f4xx_hal_uart.o [1]
HAL_UART_Init           0x00004659   0x1e  Code  Gb  stm32f4xx_hal_uart.o [1]
HAL_UART_MspInit        0x00005893  0x278  Code  Gb  usart.o [1]
HAL_UART_Receive_DMA    0x00004749   0x92  Code  Gb  stm32f4xx_hal_uart.o [1]
HAL_UART_Transmit_DMA   0x000046d1   0x78  Code  Gb  stm32f4xx_hal_uart.o [1]
HCAN                    0x20000f4c   0x28  Data  Gb  can_utils.o [1]
HEAP$$Base              0x200013c8          --   Gb  - Linker created -
HEAP$$Limit             0x20001bc8          --   Gb  - Linker created -
HardFault_Handler       0x000081bb    0x2  Code  Gb  stm32f4xx_it.o [1]
HashTable_create        0x00004cd1   0x42  Code  Gb  hash.o [1]
HashTable_get           0x00004dad   0x5c  Code  Gb  hash.o [1]
HashTable_insert        0x00004d21   0x84  Code  Gb  hash.o [1]
HashTable_map           0x00004e09   0x60  Code  Gb  hash.o [1]
LoadInt                 0x00001313   0x7a  Code  Lc  xprintffull_nomb.o [3]
MX_CAN1_Init            0x00006211   0x40  Code  Gb  can.o [1]
MX_DMA_Init             0x0000653d   0x78  Code  Gb  dma.o [1]
MX_GPIO_Init            0x00006315  0x1c8  Code  Gb  gpio.o [1]
MX_TIM1_Init            0x000065b5   0xb2  Code  Gb  tim.o [1]
MX_TIM3_Init            0x00006669   0x60  Code  Gb  tim.o [1]
MX_UART4_Init           0x00005809   0x14  Code  Gb  usart.o [1]
MX_UART5_Init           0x0000581d   0x14  Code  Gb  usart.o [1]
MX_USART1_UART_Init     0x00005839   0x14  Code  Gb  usart.o [1]
MX_USART2_UART_Init     0x0000586b   0x14  Code  Gb  usart.o [1]
MX_USART3_UART_Init     0x0000587f   0x14  Code  Gb  usart.o [1]
MemManage_Handler       0x000081bd    0x2  Code  Gb  stm32f4xx_it.o [1]
NMI_Handler             0x000081b9    0x2  Code  Gb  stm32f4xx_it.o [1]
PID_Release             0x00003d95   0x8a  Code  Gb  utils.o [1]
PendSV_Handler          0x000081c7    0x2  Code  Gb  stm32f4xx_it.o [1]
Region$$Table$$Base     0x00008354          --   Gb  - Linker created -
Region$$Table$$Limit    0x00008374          --   Gb  - Linker created -
RxHeader                0x20000d3c   0x1c  Data  Gb  can_utils.o [1]
SVC_Handler             0x000081c3    0x2  Code  Gb  stm32f4xx_it.o [1]
Slow_Period             0x200000c0    0x4  Data  Lc  chassis.o [1]
SysTick_Handler         0x000081c9    0x4  Code  Gb  stm32f4xx_it.o [1]
SystemClock_Config      0x00005711   0xb4  Code  Gb  main.o [1]
SystemCoreClock         0x20000710    0x4  Data  Gb  system_stm32f4xx.o [1]
SystemInit              0x00008241   0x30  Code  Gb  system_stm32f4xx.o [1]
TIM_Base_SetConfig      0x00007037   0x96  Code  Gb  stm32f4xx_hal_tim.o [1]
TIM_ETR_SetConfig       0x000072ab   0x14  Code  Gb  stm32f4xx_hal_tim.o [1]
TIM_ITRx_SetConfig      0x0000729b   0x10  Code  Lc  stm32f4xx_hal_tim.o [1]
TIM_OC1_SetConfig       0x000070cd   0x52  Code  Lc  stm32f4xx_hal_tim.o [1]
TIM_OC2_SetConfig       0x0000711f   0x60  Code  Gb  stm32f4xx_hal_tim.o [1]
TIM_OC3_SetConfig       0x0000717f   0x58  Code  Lc  stm32f4xx_hal_tim.o [1]
TIM_OC4_SetConfig       0x000071e3   0x46  Code  Lc  stm32f4xx_hal_tim.o [1]
TIM_TI1_ConfigInputStage
                        0x00007259   0x1e  Code  Lc  stm32f4xx_hal_tim.o [1]
TIM_TI2_ConfigInputStage
                        0x00007277   0x24  Code  Lc  stm32f4xx_hal_tim.o [1]
TxHeader                0x20000d08   0x18  Data  Gb  can_utils.o [1]
TxMailbox               0x20000d60    0x4  Data  Gb  can_utils.o [1]
UART_DMAAbortOnError    0x00004a79    0xc  Code  Lc  stm32f4xx_hal_uart.o [1]
UART_DMAError           0x00004a01   0x4a  Code  Lc  stm32f4xx_hal_uart.o [1]
UART_DMAReceiveCplt     0x000049c1   0x38  Code  Lc  stm32f4xx_hal_uart.o [1]
UART_DMARxHalfCplt      0x000049f9    0x6  Code  Lc  stm32f4xx_hal_uart.o [1]
UART_DMATransmitCplt    0x0000498d   0x2a  Code  Lc  stm32f4xx_hal_uart.o [1]
UART_DMATxHalfCplt      0x000049b9    0x6  Code  Lc  stm32f4xx_hal_uart.o [1]
UART_EndRxTransfer      0x00004a5d   0x1c  Code  Lc  stm32f4xx_hal_uart.o [1]
UART_EndTxTransfer      0x00004a4b   0x12  Code  Lc  stm32f4xx_hal_uart.o [1]
UART_Receive_IT         0x00004a85   0x96  Code  Lc  stm32f4xx_hal_uart.o [1]
UART_SetConfig          0x00004b1b  0x13a  Code  Lc  stm32f4xx_hal_uart.o [1]
USART1_IRQHandler       0x000081df    0x6  Code  Gb  stm32f4xx_it.o [1]
USART2_IRQHandler       0x000081e5    0x6  Code  Gb  stm32f4xx_it.o [1]
USART3_IRQHandler       0x000081eb   0x14  Code  Gb  stm32f4xx_it.o [1]
UsageFault_Handler      0x000081c1    0x2  Code  Gb  stm32f4xx_it.o [1]
_GenldFullNoMb          0x00001c81  0x274  Code  Lc  xprintffull_nomb.o [3]
_LdtobFullNoMb          0x00001855  0x3fe  Code  Lc  xprintffull_nomb.o [3]
_LitobFullNoMb          0x000016fd  0x112  Code  Lc  xprintffull_nomb.o [3]
_PrintfFullNoMb         0x00001161  0x1a4  Code  Gb  xprintffull_nomb.o [3]
_PutcharsFullNoMb       0x00001ef5   0x2e  Code  Lc  xprintffull_nomb.o [3]
_PutfldFullNoMb         0x0000138d  0x264  Code  Lc  xprintffull_nomb.o [3]
_PuttxtFullNoMb         0x000015f1  0x10c  Code  Lc  xprintffull_nomb.o [3]
_SNProut                0x00001107   0x1a  Code  Gb  xsnprout.o [3]
_Strtok_ssave           0x20000fbc    0x4  Data  Lc  strtok.o [3]
__NVIC_SetPriority      0x000067a1   0x1e  Code  Lc  stm32f4xx_hal_cortex.o [1]
__aeabi_assert          0x00006169   0x24  Code  Gb  ABIassert.o [6]
__aeabi_cdcmple         0x00002559         Code  Gb  DblCmpLe.o [4]
__aeabi_cdrcmple        0x00002589         Code  Gb  DblCmpGe.o [4]
__aeabi_cfcmple         0x000037b9         Code  Gb  FltCmpLe.o [4]
__aeabi_cfrcmple        0x00003795         Code  Gb  FltCmpGe.o [4]
__aeabi_d2f             0x000036dd         Code  Gb  DblToFlt.o [4]
__aeabi_d2iz            0x000026f5         Code  Gb  DblToS32.o [4]
__aeabi_d2uiz           0x00002a81         Code  Gb  DblToU32.o [4]
__aeabi_dadd            0x00002ac9         Code  Gb  DblAdd.o [4]
__aeabi_ddiv            0x00002839         Code  Gb  DblDiv.o [4]
__aeabi_dmul            0x0000229d         Code  Gb  DblMul.o [4]
__aeabi_dsub            0x00002755         Code  Gb  DblSub.o [4]
__aeabi_f2d             0x00003695         Code  Gb  FltToDbl.o [4]
__aeabi_f2iz            0x00003c39    0xe  Code  Gb  FltToS32.o [4]
__aeabi_fadd            0x00003745   0x12  Code  Gb  FltAdd.o [4]
__aeabi_fdiv            0x00003681   0x12  Code  Gb  FltDiv.o [4]
__aeabi_fmul            0x000037dd   0x12  Code  Gb  FltMul.o [4]
__aeabi_fsub            0x00003757   0x12  Code  Gb  FltSub.o [4]
__aeabi_i2d             0x00002731         Code  Gb  S32ToDbl.o [4]
__aeabi_i2f             0x00003e29    0xe  Code  Gb  S32ToFlt.o [4]
__aeabi_ldiv0           0x00002ac5         Code  Gb  I64DivZer.o [5]
__aeabi_memclr4         0x00004ea9         Code  Gb  ABImemclr4.o [5]
__aeabi_memcpy          0x00002441         Code  Gb  ABImemcpy.o [5]
__aeabi_memcpy4         0x00002461         Code  Gb  ABImemcpy.o [5]
__aeabi_memcpy8         0x00002461         Code  Gb  ABImemcpy.o [5]
__aeabi_ui2d            0x00002aa9         Code  Gb  U32ToDbl.o [4]
__aeabi_uldivmod        0x0000206d         Code  Gb  I64DivMod.o [5]
__cmain                 0x00008375         Code  Gb  cmain.o [5]
__data_GetMemChunk      0x00001121   0x2c  Code  Gb  xgetmemchunk.o [3]
__data_GetMemChunk::start
                        0x20000fc0    0x4  Data  Lc  xgetmemchunk.o [3]
__exit                  0x0000114d   0x14  Code  Gb  exit.o [6]
__iar_Fail_s            0x00001f9d   0x1c  Code  Gb  xfail_s.o [3]
__iar_Memchr            0x00002015         Code  Gb  memchr.o [5]
__iar_Memset4_word      0x0000618d         Code  Gb  ABImemset48.o [5]
__iar_Memset8_word      0x0000618d         Code  Gb  ABImemset48.o [5]
__iar_Sin32             0x000043d5  0x198  Code  Lc  cos_sin32.o [4]
__iar_Sin64             0x000037f1  0x3b2  Code  Lc  cos_sin64.o [4]
__iar_Sto64             0x00007909  0x1a6  Code  Gb  strto64.o [4]
__iar_Stoflt            0x00007ddd  0x1c8  Code  Gb  iar_Stoflt.o [3]
__iar_Stopfx            0x00007cbd  0x120  Code  Gb  iar_Stopfx.o [3]
__iar_Stoulx            0x00007b49  0x114  Code  Gb  iar_Stoulx.o [3]
__iar_Stoxflt           0x00007fa5  0x1de  Code  Gb  iar_Stoxflt.o [3]
__iar_Stoxflt::digits   0x00008188   0x18  Data  Lc  iar_Stoxflt.o [3]
__iar_Stoxflt::vals     0x000081a0   0x18  Data  Lc  iar_Stoxflt.o [3]
__iar_Strchr            0x00001f85         Code  Gb  strchr.o [5]
__iar_atan2_32          0x00003d29         Code  Gb  atan2f.o [4]
__iar_cos32             0x000045ad    0x4  Code  Gb  cos_sin32.o [4]
__iar_cos64             0x00003c35    0x4  Code  Gb  cos_sin64.o [4]
__iar_cos_medium        0x00003c35    0x4  Code  Gb  cos_sin64.o [4]
__iar_cos_medium32      0x000045ad    0x4  Code  Gb  cos_sin32.o [4]
__iar_cos_medium64      0x00003c35    0x4  Code  Gb  cos_sin64.o [4]
__iar_cos_mediumf       0x000045ad    0x4  Code  Gb  cos_sin32.o [4]
__iar_cos_mediuml       0x00003c35    0x4  Code  Gb  cos_sin64.o [4]
__iar_dadd              0x00002765         Code  Gb  DblSub.o [4]
__iar_data_init3        0x00008309   0x28  Code  Gb  data_init.o [5]
__iar_dlmalloc          0x00000e45  0x2b6  Code  Gb  dlmalloc.o [3]
__iar_dsub              0x00002ad9         Code  Gb  DblAdd.o [4]
__iar_dsubStart         0x00002aeb         Code  Gb  DblAdd.o [4]
__iar_frexp             0x000024f5         Code  Gb  frexp.o [4]
__iar_frexpl            0x000024f5         Code  Gb  frexp.o [4]
__iar_init_vfp          0x00008331         Code  Gb  fpinit_M.o [4]
__iar_ldexp64           0x000025b9         Code  Gb  ldexp.o [4]
__iar_packbits_init_single3
                        0x000082d1   0x38  Code  Gb  packbits_init_single.o [5]
__iar_program_start     0x000083b9         Code  Gb  cstartup_M.o [5]
__iar_scalbln64         0x000025b9         Code  Gb  ldexp.o [4]
__iar_scalbn64          0x000025b9         Code  Gb  ldexp.o [4]
__iar_sin32             0x000045b1    0x4  Code  Gb  cos_sin32.o [4]
__iar_sin_medium32      0x000045b1    0x4  Code  Gb  cos_sin32.o [4]
__iar_sin_mediumf       0x000045b1    0x4  Code  Gb  cos_sin32.o [4]
__iar_softfp___iar_atan2_32
                        0x00003d19         Code  Gb  atan2f.o [4]
__iar_softfp___iar_frexp64
                        0x000024e9         Code  Gb  frexp.o [4]
__iar_softfp___iar_sqrt32
                        0x00003ce9         Code  Gb  sqrtf.o [4]
__iar_softfp_atan2f     0x00003d19         Code  Gb  atan2f.o [4]
__iar_softfp_cosf       0x00003ccf    0xc  Code  Gb  math_wrappers32.o [4]
__iar_softfp_frexp      0x000024e9         Code  Gb  frexp.o [4]
__iar_softfp_frexpl     0x000024e9         Code  Gb  frexp.o [4]
__iar_softfp_sinf       0x00003cdb    0xc  Code  Gb  math_wrappers32.o [4]
__iar_softfp_sqrtf      0x00003ce9         Code  Gb  sqrtf.o [4]
__iar_sqrt32            0x00003cf9         Code  Gb  sqrtf.o [4]
__iar_sqrt64            0x00004161         Code  Gb  sqrt.o [4]
__iar_systems$$module {Abs}
                        0x00000001         Data  Gb  command line/config [2]
__iar_xatanf            0x000045b5         Code  Gb  xatanf.o [4]
__iar_zero_init3        0x00008291   0x40  Code  Gb  zero_init3.o [5]
__low_level_init        0x00008393    0x4  Code  Gb  low_level_init.o [3]
__vector_table          0x00000000         Data  Gb  startup_stm32f407xx.o [1]
_call_main              0x00008381         Code  Gb  cmain.o [5]
_cmd_help               0x00004081    0xc  Code  Lc  cmd.o [1]
_exit                   0x0000839d         Code  Gb  cexit.o [5]
_gm_                    0x20000714  0x1d8  Data  Lc  dlmalloc.o [3]
_main                   0x0000838f         Code  Gb  cmain.o [5]
abort                   0x00001101    0x6  Code  Gb  abort.o [3]
action_init_posx        0x20000f98    0x4  Data  Gb  chassis.o [1]
action_init_posy        0x20000f9c    0x4  Data  Gb  chassis.o [1]
add_segment             0x0000054d  0x1f2  Code  Lc  dlmalloc.o [3]
atan2f                  0x00003d29         Code  Gb  atan2f.o [4]
atof                    0x00007af5    0x8  Code  Gb  strto64.o [4]
atoi                    0x00007c63    0x2  Code  Gb  iar_Stoulx.o [3]
buffer_count            0x20000c60    0x4  Data  Gb  cmd.o [1]
can_TX_data             0x20000fb0    0x8  Data  Gb  maxon.o [1]
can_callback_add        0x000042e3   0x1e  Code  Gb  can_utils.o [1]
can_callback_table      0x20000d5c    0x4  Data  Lc  can_utils.o [1]
can_exc_callback        0x00004301   0x1e  Code  Gb  can_utils.o [1]
can_exc_callback_flag   0x20000d38    0x4  Data  Gb  can_utils.o [1]
can_func_init           0x000057e9    0xa  Code  Gb  can_func.o [1]
can_init                0x00004255   0x8e  Code  Gb  can_utils.o [1]
can_rx_data             0x20000d20    0x8  Data  Gb  can_utils.o [1]
can_send_msg            0x00004371   0x2a  Code  Gb  can_utils.o [1]
can_send_test           0x00004345   0x2a  Code  Gb  can_utils.o [1]
can_suc_rx              0x000057f5    0x6  Code  Gb  can_func.o [1]
can_tx_data             0x20000d28    0x8  Data  Gb  can_utils.o [1]
chassis                 0x20000020   0x48  Data  Gb  chassis.o [1]
chassis_PID_Angle_Control
                        0x00002d37   0x34  Code  Gb  chassis.o [1]
chassis_PID_Angle_Control::angle_last_err
                        0x20000008    0x4  Data  Lc  chassis.o [1]
chassis_angle_subtract  0x00002ceb   0x4c  Code  Gb  chassis.o [1]
chassis_gostraight_zx   0x00002d6b   0xf8  Code  Gb  chassis.o [1]
chassis_status          0x20000068   0x18  Data  Gb  chassis.o [1]
chassis_turn_angle_KD   0x20000004    0x4  Data  Gb  chassis.o [1]
chassis_turn_angle_KP   0x20000000    0x4  Data  Gb  chassis.o [1]
chassis_update          0x00002c41   0x9e  Code  Gb  chassis.o [1]
cmd_add                 0x00003fdd   0x52  Code  Gb  cmd.o [1]
cmd_argv                0x20000c64   0x30  Data  Gb  cmd.o [1]
cmd_can_test            0x000073c5   0x12  Code  Gb  cmd_func.o [1]
cmd_exec                0x00003f95   0x2a  Code  Gb  cmd.o [1]
cmd_func_init           0x00007359   0x62  Code  Gb  cmd_func.o [1]
cmd_hello_func          0x000073bd    0x6  Code  Gb  cmd_func.o [1]
cmd_help_func           0x00003fc1   0x1c  Code  Gb  cmd.o [1]
cmd_init                0x00003e61   0x28  Code  Gb  cmd.o [1]
cmd_line_control_PID    0x00007405   0x4e  Code  Gb  cmd_func.o [1]
cmd_parse               0x00003f69   0x2c  Code  Gb  cmd.o [1]
cmd_point_collection_tracer
                        0x00007461   0x1c  Code  Gb  cmd_func.o [1]
cmd_print_pos           0x000073d9   0x2c  Code  Gb  cmd_func.o [1]
cmd_table               0x20000fb8    0x4  Data  Lc  cmd.o [1]
cmpAtom                 0x00004ca1    0xc  Code  Lc  hash.o [1]
combine_vec             0x20000018    0x8  Data  Gb  chassis.o [1]
cos                     0x00003c35    0x4  Code  Gb  cos_sin64.o [4]
cosf                    0x000045ad    0x4  Code  Gb  cos_sin32.o [4]
cosl                    0x00003c35    0x4  Code  Gb  cos_sin64.o [4]
ddiv                    0x0000767d   0xd0  Code  Lc  strto64.o [4]
digits                  0x00007c6c   0x28  Data  Lc  iar_Stoulx.o [3]
dmul                    0x000075a9   0xd2  Code  Lc  strto64.o [4]
exit                    0x00008397    0x4  Code  Gb  exit.o [3]
first_time_controler    0x2000008c    0x4  Data  Gb  chassis.o [1]
freeKeyAtom             0x00004cb1    0x2  Code  Lc  hash.o [1]
go_to_point_for_test    0x000034c5   0xc0  Code  Gb  chassis.o [1]
go_to_point_x           0x20000fa8    0x4  Data  Gb  cmd_func.o [1]
go_to_point_y           0x20000fac    0x4  Data  Gb  cmd_func.o [1]
hashAtom                0x00004cad    0x4  Code  Lc  hash.o [1]
hashStr                 0x00004cb3   0x1e  Code  Gb  hash.o [1]
hash_id                 0x000043a9    0x4  Code  Lc  can_utils.o [1]
hcan1                   0x20000f24   0x28  Data  Gb  can.o [1]
hdma_usart1_rx          0x2000094c   0x60  Data  Gb  usart.o [1]
hdma_usart1_tx          0x200008ec   0x60  Data  Gb  usart.o [1]
hdma_usart3_rx          0x200009ac   0x60  Data  Gb  usart.o [1]
hdma_usart3_tx          0x20000a0c   0x60  Data  Gb  usart.o [1]
htim1                   0x20000d64   0x40  Data  Gb  tim.o [1]
htim3                   0x20000da4   0x40  Data  Gb  tim.o [1]
huart1                  0x20000e64   0x40  Data  Gb  usart.o [1]
huart2                  0x20000ea4   0x40  Data  Gb  usart.o [1]
huart3                  0x20000ee4   0x40  Data  Gb  usart.o [1]
huart4                  0x20000de4   0x40  Data  Gb  usart.o [1]
huart5                  0x20000e24   0x40  Data  Gb  usart.o [1]
id_cmp                  0x000043ad   0x10  Code  Lc  can_utils.o [1]
init_mparams            0x000001a7   0x32  Code  Lc  dlmalloc.o [3]
init_top                0x000001d9   0x32  Code  Lc  dlmalloc.o [3]
ldexp                   0x000025b9         Code  Gb  ldexp.o [4]
ldexpl                  0x000025b9         Code  Gb  ldexp.o [4]
line_control            0x00002f21  0x154  Code  Gb  chassis.o [1]
line_control_PID        0x2000009c   0x20  Data  Gb  chassis.o [1]
line_control_flag_first
                        0x20000084    0x4  Data  Lc  chassis.o [1]
line_control_vec        0x20000fa0    0x8  Data  Gb  chassis.o [1]
main                    0x0000564d   0xc4  Code  Gb  main.o [1]
main_flag               0x20000f8c    0x8  Data  Gb  main.o [1]
maxon_canset3speed      0x00003c49   0x74  Code  Gb  maxon.o [1]
memchr                  0x00002015         Code  Gb  memchr.o [5]
mparams                 0x20000f74   0x18  Data  Lc  dlmalloc.o [3]
ndigs                   0x00007c94   0x28  Data  Lc  iar_Stoulx.o [3]
origin_angle            0x20000088    0x4  Data  Lc  chassis.o [1]
origin_distance         0x20000090    0x4  Data  Lc  chassis.o [1]
point_arrive            0x000032c3   0x1a  Code  Gb  chassis.o [1]
point_arrived_flag      0x20000094    0x4  Data  Lc  chassis.o [1]
point_collection_tracer
                        0x000033e5   0xde  Code  Gb  chassis.o [1]
point_count_control_flag
                        0x20000098    0x4  Data  Lc  chassis.o [1]
point_retrack_first_ref_flag
                        0x20000080    0x4  Data  Lc  chassis.o [1]
point_tracer            0x000032dd   0xfa  Code  Gb  chassis.o [1]
point_tracer_angle_return
                        0x0000307b   0x26  Code  Gb  chassis.o [1]
point_tracer_angle_return_static
                        0x000030a1   0x22  Code  Gb  chassis.o [1]
posture                 0x20000a6c   0x18  Data  Lc  cmd.o [1]
pows                    0x00007b00   0x48  Data  Lc  strto64.o [4]
prepend_alloc           0x0000020b  0x342  Code  Lc  dlmalloc.o [3]
print_buffer            0x20000b94   0x68  Data  Gb  cmd.o [1]
rx_buffer               0x20000d30    0x8  Data  Lc  can_utils.o [1]
rx_id                   0x20000d58    0x4  Data  Lc  can_utils.o [1]
scalbln                 0x000025b9         Code  Gb  ldexp.o [4]
scalblnl                0x000025b9         Code  Gb  ldexp.o [4]
scalbn                  0x000025b9         Code  Gb  ldexp.o [4]
scalbnl                 0x000025b9         Code  Gb  ldexp.o [4]
scale                   0x0000180f   0x46  Code  Lc  xprintffull_nomb.o [3]
sec_hand                0x20000fc4    0x4  Data  Lc  xfail_s.o [3]
segment_holding         0x00000189   0x1e  Code  Lc  dlmalloc.o [3]
send_id                 0x20000cf8    0xc  Data  Gb  configure.o [1]
simplelib_init          0x00006885   0x22  Code  Gb  simplelib.o [1]
simplelib_run           0x000068a7   0x20  Code  Gb  simplelib.o [1]
sinf                    0x000045b1    0x4  Code  Gb  cos_sin32.o [4]
speed_trapezium         0x0000316f  0x14c  Code  Gb  chassis.o [1]
speed_vec_add           0x00002e6b   0x8a  Code  Gb  chassis.o [1]
speed_vec_mul           0x00002f03   0x1e  Code  Gb  chassis.o [1]
sqrt                    0x00004161         Code  Gb  sqrt.o [4]
sqrtf                   0x00003cf9         Code  Gb  sqrtf.o [4]
sqrtl                   0x00004161         Code  Gb  sqrt.o [4]
state_reset             0x0000358f   0x1a  Code  Gb  chassis.o [1]
str_cmp                 0x00004071    0xe  Code  Lc  cmd.o [1]
strchr                  0x00001f85         Code  Gb  strchr.o [5]
strcmp                  0x00004fa9         Code  Gb  strcmp.o [5]
strcpy                  0x00004eb1         Code  Gb  strcpy.o [5]
strcspn                 0x000061e1   0x22  Code  Gb  strcspn.o [3]
strlen                  0x00001fdd         Code  Gb  strlen.o [5]
strspn                  0x000061bf   0x22  Code  Gb  strspn.o [3]
strtok                  0x00004efd   0x48  Code  Gb  strtok.o [3]
sys_alloc               0x00000745  0x164  Code  Lc  dlmalloc.o [3]
tmalloc_large           0x000008b5  0x384  Code  Lc  dlmalloc.o [3]
tmalloc_small           0x00000c39  0x1fe  Code  Lc  dlmalloc.o [3]
uprintf                 0x0000402f   0x40  Code  Gb  cmd.o [1]
usart_DMA_init          0x00003e39   0x28  Code  Gb  cmd.o [1]
usart_exc_DMA           0x00003e89   0x28  Code  Gb  cmd.o [1]
usart_exc_DMA_vega      0x0000408d   0x6a  Code  Gb  cmd.o [1]
uwTick                  0x20000708    0x4  Data  Gb  stm32f4xx_hal.o [1]
uwTickFreq              0x20000704    0x1  Data  Gb  stm32f4xx_hal.o [1]
uwTickPrio              0x2000070c    0x4  Data  Gb  stm32f4xx_hal.o [1]
vec_create              0x0000378f    0x6  Code  Gb  vec.o [1]
vec_model               0x00003769   0x26  Code  Gb  vec.o [1]
vsnprintf               0x00004f45   0x3c  Code  Gb  vsnprint.o [3]
zx_points_pos_x         0x200000c4  0x320  Data  Gb  point_zx.o [1]
zx_points_pos_y         0x200003e4  0x320  Data  Gb  point_zx.o [1]


[1] = D:\RoboconCode\19_frame\EWARM\19_frame\Obj
[2] = command line
[3] = dl7M_tln.a
[4] = m7M_tls.a
[5] = rt7M_tl.a
[6] = shb_l.a

  33 990 bytes of readonly  code memory
     156 bytes of readonly  data memory
   7 112 bytes of readwrite data memory

Errors: none
Warnings: none
