###############################################################################
#
# IAR ELF Linker V8.22.1.15669/W32 for ARM                09/Oct/2019  20:37:30
# Copyright 2007-2018 IAR Systems AB.
#
#    Output file  =  D:\RoboconCode\19_frame\EWARM\19_frame\Exe\19_frame.out
#    Map file     =  D:\RoboconCode\19_frame\EWARM\19_frame\List\19_frame.map
#    Command line =  
#        -f C:\Users\12552\AppData\Local\Temp\EW86A6.tmp
#        (D:\RoboconCode\19_frame\EWARM\19_frame\Obj\can.o
#        D:\RoboconCode\19_frame\EWARM\19_frame\Obj\can_func.o
#        D:\RoboconCode\19_frame\EWARM\19_frame\Obj\can_utils.o
#        D:\RoboconCode\19_frame\EWARM\19_frame\Obj\chassis.o
#        D:\RoboconCode\19_frame\EWARM\19_frame\Obj\cmd.o
#        D:\RoboconCode\19_frame\EWARM\19_frame\Obj\cmd_func.o
#        D:\RoboconCode\19_frame\EWARM\19_frame\Obj\configure.o
#        D:\RoboconCode\19_frame\EWARM\19_frame\Obj\dma.o
#        D:\RoboconCode\19_frame\EWARM\19_frame\Obj\flash.o
#        D:\RoboconCode\19_frame\EWARM\19_frame\Obj\gpio.o
#        D:\RoboconCode\19_frame\EWARM\19_frame\Obj\hash.o
#        D:\RoboconCode\19_frame\EWARM\19_frame\Obj\main.o
#        D:\RoboconCode\19_frame\EWARM\19_frame\Obj\maxon.o
#        D:\RoboconCode\19_frame\EWARM\19_frame\Obj\point_zx.o
#        D:\RoboconCode\19_frame\EWARM\19_frame\Obj\simplelib.o
#        D:\RoboconCode\19_frame\EWARM\19_frame\Obj\startup_stm32f407xx.o
#        D:\RoboconCode\19_frame\EWARM\19_frame\Obj\stm32f4xx_hal.o
#        D:\RoboconCode\19_frame\EWARM\19_frame\Obj\stm32f4xx_hal_can.o
#        D:\RoboconCode\19_frame\EWARM\19_frame\Obj\stm32f4xx_hal_cortex.o
#        D:\RoboconCode\19_frame\EWARM\19_frame\Obj\stm32f4xx_hal_dma.o
#        D:\RoboconCode\19_frame\EWARM\19_frame\Obj\stm32f4xx_hal_dma_ex.o
#        D:\RoboconCode\19_frame\EWARM\19_frame\Obj\stm32f4xx_hal_exti.o
#        D:\RoboconCode\19_frame\EWARM\19_frame\Obj\stm32f4xx_hal_flash.o
#        D:\RoboconCode\19_frame\EWARM\19_frame\Obj\stm32f4xx_hal_flash_ex.o
#        D:\RoboconCode\19_frame\EWARM\19_frame\Obj\stm32f4xx_hal_flash_ramfunc.o
#        D:\RoboconCode\19_frame\EWARM\19_frame\Obj\stm32f4xx_hal_gpio.o
#        D:\RoboconCode\19_frame\EWARM\19_frame\Obj\stm32f4xx_hal_msp.o
#        D:\RoboconCode\19_frame\EWARM\19_frame\Obj\stm32f4xx_hal_pwr.o
#        D:\RoboconCode\19_frame\EWARM\19_frame\Obj\stm32f4xx_hal_pwr_ex.o
#        D:\RoboconCode\19_frame\EWARM\19_frame\Obj\stm32f4xx_hal_rcc.o
#        D:\RoboconCode\19_frame\EWARM\19_frame\Obj\stm32f4xx_hal_rcc_ex.o
#        D:\RoboconCode\19_frame\EWARM\19_frame\Obj\stm32f4xx_hal_tim.o
#        D:\RoboconCode\19_frame\EWARM\19_frame\Obj\stm32f4xx_hal_tim_ex.o
#        D:\RoboconCode\19_frame\EWARM\19_frame\Obj\stm32f4xx_hal_uart.o
#        D:\RoboconCode\19_frame\EWARM\19_frame\Obj\stm32f4xx_it.o
#        D:\RoboconCode\19_frame\EWARM\19_frame\Obj\stmflash.o
#        D:\RoboconCode\19_frame\EWARM\19_frame\Obj\system_stm32f4xx.o
#        D:\RoboconCode\19_frame\EWARM\19_frame\Obj\tim.o
#        D:\RoboconCode\19_frame\EWARM\19_frame\Obj\usart.o
#        D:\RoboconCode\19_frame\EWARM\19_frame\Obj\utils.o
#        D:\RoboconCode\19_frame\EWARM\19_frame\Obj\vec.o
#        D:\RoboconCode\19_frame\EWARM\19_frame\Obj\vega_action.o -o
#        D:\RoboconCode\19_frame\EWARM\19_frame\Exe\19_frame.out --map
#        D:\RoboconCode\19_frame\EWARM\19_frame\List\19_frame.map --config
#        "D:\Èí¼þ\IAR For RAM\arm\CONFIG\generic_cortex.icf" --semihosting
#        --entry __iar_program_start --vfe --text_out locale)
#
###############################################################################

*******************************************************************************
*** RUNTIME MODEL ATTRIBUTES
***

CppFlavor       = *
__Heap_Handler  = DLMalloc
__SystemLibrary = DLib
__dlib_version  = 6


*******************************************************************************
*** HEAP SELECTION
***

The advanced heap was selected because the application calls memory
allocation functions outside of system library functions, and there
are calls to deallocation functions in the application.


*******************************************************************************
*** PLACEMENT SUMMARY
***

"A0":  place at 0x00000000 { ro section .intvec };
"P1":  place in [from 0x00000000 to 0x0007ffff] { ro };
define block CSTACK with size = 1K, alignment = 8 { };
define block PROC_STACK with size = 0M, alignment = 8 { };
define block HEAP with size = 2K, alignment = 8 { };
"P2":  place in [from 0x20000000 to 0x2000ffff] {
          rw, block CSTACK, block PROC_STACK, block HEAP };
initialize by copy { rw };

  Section            Kind        Address    Size  Object
  -------            ----        -------    ----  ------
"A0":                                      0x188
  .intvec            ro code  0x00000000   0x188  startup_stm32f407xx.o [1]
                            - 0x00000188   0x188

"P1":                                     0x623c
  .text              ro code  0x00000188   0xf78  dlmalloc.o [3]
  .text              ro code  0x00001100     0x6  abort.o [3]
  .text              ro code  0x00001106    0x1a  xsnprout.o [3]
  .text              ro code  0x00001120    0x2c  xgetmemchunk.o [3]
  .text              ro code  0x0000114c    0x14  exit.o [6]
  .text              ro code  0x00001160   0xe22  xprintffull_nomb.o [3]
  .text              ro code  0x00001f84    0x16  strchr.o [5]
  .text              ro code  0x00001f9c    0x40  xfail_s.o [3]
  .text              ro code  0x00001fdc    0x36  strlen.o [5]
  .text              ro code  0x00002014    0x58  memchr.o [5]
  .text              ro code  0x0000206c   0x22e  I64DivMod.o [5]
  .text              ro code  0x0000229c   0x1a2  DblMul.o [4]
  .text              ro code  0x00002440    0xa6  ABImemcpy.o [5]
  .text              ro code  0x000024e8    0x70  frexp.o [4]
  .text              ro code  0x00002558    0x2e  DblCmpLe.o [4]
  .text              ro code  0x00002588    0x2e  DblCmpGe.o [4]
  .text              ro code  0x000025b8   0x13a  ldexp.o [4]
  .text              ro code  0x000026f4    0x3a  DblToS32.o [4]
  .text              ro code  0x00002730    0x22  S32ToDbl.o [4]
  .text              ro code  0x00002754    0xe2  DblSub.o [4]
  .text              ro code  0x00002838   0x246  DblDiv.o [4]
  .text              ro code  0x00002a80    0x28  DblToU32.o [4]
  .text              ro code  0x00002aa8    0x1a  U32ToDbl.o [4]
  .text              ro code  0x00002ac4     0x2  I64DivZer.o [5]
  .text              ro code  0x00002ac8   0x168  DblAdd.o [4]
  .text              ro code  0x00002c30   0x656  stm32f4xx_hal_can.o [1]
  .text              ro code  0x00003288    0xb8  can.o [1]
  .text              ro code  0x00003340     0xc  stm32f4xx_hal.o [1]
  .text              ro code  0x0000334c     0x2  stm32f4xx_hal_can.o [1]
  .text              ro code  0x0000334e     0x2  stm32f4xx_hal_can.o [1]
  .text              ro code  0x00003350     0x2  stm32f4xx_hal_can.o [1]
  .text              ro code  0x00003352     0x2  stm32f4xx_hal_can.o [1]
  .text              ro code  0x00003354     0x2  stm32f4xx_hal_can.o [1]
  .text              ro code  0x00003356     0x2  stm32f4xx_hal_can.o [1]
  .text              ro code  0x00003358   0x148  can_utils.o [1]
  .text              ro code  0x000034a0     0x2  stm32f4xx_hal_can.o [1]
  .text              ro code  0x000034a2     0x2  stm32f4xx_hal_can.o [1]
  .text              ro code  0x000034a4     0x2  stm32f4xx_hal_can.o [1]
  .text              ro code  0x000034a6     0x2  stm32f4xx_hal_can.o [1]
  .text              ro code  0x000034a8     0x2  stm32f4xx_hal_can.o [1]
  .text              ro code  0x000034ac   0x126  main.o [1]
  .text              ro code  0x000035d4     0x6  ABImemclr4.o [5]
  .text              ro code  0x000035dc   0x1ec  stm32f4xx_hal_gpio.o [1]
  .text              ro code  0x000037c8   0x208  hash.o [1]
  .text              ro code  0x000039d0    0x20  can_func.o [1]
  .text              ro code  0x000039f0   0x32c  cmd.o [1]
  .text              ro code  0x00003d1c    0x34  stm32f4xx_hal.o [1]
  .text              ro code  0x00003d50   0x226  gpio.o [1]
  .text              ro code  0x00003f78    0x78  dma.o [1]
  .text              ro code  0x00003ff0   0x3b2  usart.o [1]
  .text              ro code  0x000043a4   0x1ec  tim.o [1]
  .text              ro code  0x00004590    0xc8  stm32f4xx_hal_cortex.o [1]
  .text              ro code  0x00004658    0x64  simplelib.o [1]
  .text              ro code  0x000046bc   0x2f0  stm32f4xx_hal_rcc.o [1]
  .text              ro code  0x000049ac   0x1a0  stm32f4xx_hal_rcc.o [1]
  .text              ro code  0x00004b4c    0x32  ABImemset48.o [5]
  .text              ro code  0x00004b80    0x24  ABIassert.o [6]
  .text              ro code  0x00004ba4   0x646  stm32f4xx_hal_uart.o [1]
  .text              ro code  0x000051ec    0x4c  strcpy.o [5]
  .text              ro code  0x00005238    0x48  strtok.o [3]
  .text              ro code  0x00005280    0x3c  vsnprint.o [3]
  .text              ro code  0x000052bc    0x28  stm32f4xx_hal.o [1]
  .text              ro code  0x000052e4    0x4a  strcmp.o [5]
  .text              ro code  0x00005330    0xcc  chassis.o [1]
  .text              ro code  0x000053fc    0x40  stm32f4xx_hal.o [1]
  .text              ro code  0x0000543c    0x38  stm32f4xx_hal_msp.o [1]
  .text              ro code  0x00005474   0x400  stm32f4xx_hal_dma.o [1]
  .text              ro code  0x00005874   0x488  stm32f4xx_hal_tim.o [1]
  .text              ro code  0x00005cfc    0x92  stm32f4xx_hal_tim_ex.o [1]
  .text              ro code  0x00005d90    0x8c  cmd_func.o [1]
  .text              ro code  0x00005e1c     0x2  stm32f4xx_hal_uart.o [1]
  .text              ro code  0x00005e1e     0x2  stm32f4xx_hal_uart.o [1]
  .text              ro code  0x00005e20     0x2  stm32f4xx_hal_uart.o [1]
  .text              ro code  0x00005e22     0x2  stm32f4xx_hal_uart.o [1]
  .text              ro code  0x00005e24    0x22  strspn.o [3]
  .text              ro code  0x00005e46    0x22  strcspn.o [3]
  .text              ro code  0x00005e68    0x12  FltDiv.o [4]
  .text              ro code  0x00005e7c    0x48  FltToDbl.o [4]
  .text              ro code  0x00005ec4    0x68  DblToFlt.o [4]
  .text              ro code  0x00005f2c    0x12  FltAdd.o [4]
  .text              ro code  0x00005f3e    0x12  FltSub.o [4]
  .text              ro code  0x00005f50    0x2c  vec.o [1]
  .text              ro code  0x00005f7c    0x12  FltMul.o [4]
  .text              ro code  0x00005f90    0xf2  sqrt.o [4]
  .text              ro code  0x00006084    0x78  stm32f4xx_it.o [1]
  .text              ro code  0x000060fc    0x10  stm32f4xx_hal.o [1]
  .text              ro code  0x0000610c    0x50  system_stm32f4xx.o [1]
  .text              ro code  0x0000615c    0x40  zero_init3.o [5]
  .text              ro code  0x0000619c    0x2c  copy_init3.o [5]
  .text              ro code  0x000061c8    0x28  data_init.o [5]
  .text              ro code  0x000061f0    0x22  fpinit_M.o [4]
  .iar.init_table    const    0x00006214    0x24  - Linker created -
  .text              ro code  0x00006238    0x1e  cmain.o [5]
  .text              ro code  0x00006256     0x4  low_level_init.o [3]
  .text              ro code  0x0000625a     0x4  exit.o [3]
  .text              ro code  0x00006260     0xa  cexit.o [5]
  .text              ro code  0x0000626c    0x10  startup_stm32f407xx.o [1]
  Initializer bytes  const    0x0000627c    0x10  <for P2-1>
  .text              ro code  0x0000628c     0xc  cstartup_M.o [5]
  .rodata            const    0x00006298     0x8  system_stm32f4xx.o [1]
  .text              ro code  0x000062a0     0x4  startup_stm32f407xx.o [1]
  .text              ro code  0x000062a4     0x4  startup_stm32f407xx.o [1]
  .text              ro code  0x000062a8     0x4  startup_stm32f407xx.o [1]
  .text              ro code  0x000062ac     0x4  startup_stm32f407xx.o [1]
  .text              ro code  0x000062b0     0x4  startup_stm32f407xx.o [1]
  .text              ro code  0x000062b4     0x4  startup_stm32f407xx.o [1]
  .text              ro code  0x000062b8     0x4  startup_stm32f407xx.o [1]
  .text              ro code  0x000062bc     0x4  startup_stm32f407xx.o [1]
  .text              ro code  0x000062c0     0x4  startup_stm32f407xx.o [1]
  .text              ro code  0x000062c4     0x4  startup_stm32f407xx.o [1]
  .text              ro code  0x000062c8     0x4  startup_stm32f407xx.o [1]
  .text              ro code  0x000062cc     0x4  startup_stm32f407xx.o [1]
  .text              ro code  0x000062d0     0x4  startup_stm32f407xx.o [1]
  .text              ro code  0x000062d4     0x4  startup_stm32f407xx.o [1]
  .text              ro code  0x000062d8     0x4  startup_stm32f407xx.o [1]
  .text              ro code  0x000062dc     0x4  startup_stm32f407xx.o [1]
  .text              ro code  0x000062e0     0x4  startup_stm32f407xx.o [1]
  .text              ro code  0x000062e4     0x4  startup_stm32f407xx.o [1]
  .text              ro code  0x000062e8     0x4  startup_stm32f407xx.o [1]
  .text              ro code  0x000062ec     0x4  startup_stm32f407xx.o [1]
  .text              ro code  0x000062f0     0x4  startup_stm32f407xx.o [1]
  .text              ro code  0x000062f4     0x4  startup_stm32f407xx.o [1]
  .text              ro code  0x000062f8     0x4  startup_stm32f407xx.o [1]
  .text              ro code  0x000062fc     0x4  startup_stm32f407xx.o [1]
  .text              ro code  0x00006300     0x4  startup_stm32f407xx.o [1]
  .text              ro code  0x00006304     0x4  startup_stm32f407xx.o [1]
  .text              ro code  0x00006308     0x4  startup_stm32f407xx.o [1]
  .text              ro code  0x0000630c     0x4  startup_stm32f407xx.o [1]
  .text              ro code  0x00006310     0x4  startup_stm32f407xx.o [1]
  .text              ro code  0x00006314     0x4  startup_stm32f407xx.o [1]
  .text              ro code  0x00006318     0x4  startup_stm32f407xx.o [1]
  .text              ro code  0x0000631c     0x4  startup_stm32f407xx.o [1]
  .text              ro code  0x00006320     0x4  startup_stm32f407xx.o [1]
  .text              ro code  0x00006324     0x4  startup_stm32f407xx.o [1]
  .text              ro code  0x00006328     0x4  startup_stm32f407xx.o [1]
  .text              ro code  0x0000632c     0x4  startup_stm32f407xx.o [1]
  .text              ro code  0x00006330     0x4  startup_stm32f407xx.o [1]
  .text              ro code  0x00006334     0x4  startup_stm32f407xx.o [1]
  .text              ro code  0x00006338     0x4  startup_stm32f407xx.o [1]
  .text              ro code  0x0000633c     0x4  startup_stm32f407xx.o [1]
  .text              ro code  0x00006340     0x4  startup_stm32f407xx.o [1]
  .text              ro code  0x00006344     0x4  startup_stm32f407xx.o [1]
  .text              ro code  0x00006348     0x4  startup_stm32f407xx.o [1]
  .text              ro code  0x0000634c     0x4  startup_stm32f407xx.o [1]
  .text              ro code  0x00006350     0x4  startup_stm32f407xx.o [1]
  .text              ro code  0x00006354     0x4  startup_stm32f407xx.o [1]
  .text              ro code  0x00006358     0x4  startup_stm32f407xx.o [1]
  .text              ro code  0x0000635c     0x4  startup_stm32f407xx.o [1]
  .text              ro code  0x00006360     0x4  startup_stm32f407xx.o [1]
  .text              ro code  0x00006364     0x4  startup_stm32f407xx.o [1]
  .text              ro code  0x00006368     0x4  startup_stm32f407xx.o [1]
  .text              ro code  0x0000636c     0x4  startup_stm32f407xx.o [1]
  .text              ro code  0x00006370     0x4  startup_stm32f407xx.o [1]
  .text              ro code  0x00006374     0x4  startup_stm32f407xx.o [1]
  .text              ro code  0x00006378     0x4  startup_stm32f407xx.o [1]
  .text              ro code  0x0000637c     0x4  startup_stm32f407xx.o [1]
  .text              ro code  0x00006380     0x4  startup_stm32f407xx.o [1]
  .text              ro code  0x00006384     0x4  startup_stm32f407xx.o [1]
  .text              ro code  0x00006388     0x4  startup_stm32f407xx.o [1]
  .text              ro code  0x0000638c     0x4  startup_stm32f407xx.o [1]
  .text              ro code  0x00006390     0x4  startup_stm32f407xx.o [1]
  .text              ro code  0x00006394     0x4  startup_stm32f407xx.o [1]
  .text              ro code  0x00006398     0x4  startup_stm32f407xx.o [1]
  .text              ro code  0x0000639c     0x4  startup_stm32f407xx.o [1]
  .text              ro code  0x000063a0     0x4  startup_stm32f407xx.o [1]
  .text              ro code  0x000063a4     0x4  startup_stm32f407xx.o [1]
  .text              ro code  0x000063a8     0x4  startup_stm32f407xx.o [1]
  .text              ro code  0x000063ac     0x4  startup_stm32f407xx.o [1]
  .text              ro code  0x000063b0     0x4  startup_stm32f407xx.o [1]
  .text              ro code  0x000063b4     0x4  startup_stm32f407xx.o [1]
  .text              ro code  0x000063b8     0x4  startup_stm32f407xx.o [1]
  .text              ro code  0x000063bc     0x4  startup_stm32f407xx.o [1]
  .text              ro code  0x000063c0     0x4  startup_stm32f407xx.o [1]
  .rodata            const    0x000063c4     0x0  zero_init3.o [5]
  .rodata            const    0x000063c4     0x0  copy_init3.o [5]
                            - 0x000063c4  0x623c

"P2", part 1 of 3:                          0x10
  P2-1                        0x20000000    0x10  <Init block>
    .data            inited   0x20000000     0xc  stm32f4xx_hal.o [1]
    .data            inited   0x2000000c     0x4  system_stm32f4xx.o [1]
                            - 0x20000010    0x10

"P2", part 2 of 3:                         0x8c8
  .bss               zero     0x20000010   0x1d8  dlmalloc.o [3]
  .bss               zero     0x200001e8   0x180  usart.o [1]
  .bss               zero     0x20000368    0xe8  cmd.o [1]
  .bss               zero     0x20000450    0xa8  cmd.o [1]
  .bss               zero     0x200004f8    0x98  cmd.o [1]
  .bss               zero     0x20000590    0x64  cmd.o [1]
  .bss               zero     0x200005f4     0x4  cmd.o [1]
  .bss               zero     0x200005f8    0x5c  can_utils.o [1]
  .bss               zero     0x20000654    0x48  configure.o [1]
  .bss               zero     0x2000069c    0x40  tim.o [1]
  .bss               zero     0x200006dc    0x40  tim.o [1]
  .bss               zero     0x2000071c    0x40  usart.o [1]
  .bss               zero     0x2000075c    0x40  usart.o [1]
  .bss               zero     0x2000079c    0x40  usart.o [1]
  .bss               zero     0x200007dc    0x40  usart.o [1]
  .bss               zero     0x2000081c    0x40  usart.o [1]
  .bss               zero     0x2000085c    0x28  can.o [1]
  .bss               zero     0x20000884    0x28  can_utils.o [1]
  .bss               zero     0x200008ac    0x18  dlmalloc.o [3]
  .bss               zero     0x200008c4     0x8  chassis.o [1]
  .bss               zero     0x200008cc     0x4  strtok.o [3]
  .bss               zero     0x200008d0     0x4  xgetmemchunk.o [3]
  .bss               zero     0x200008d4     0x4  xfail_s.o [3]
                            - 0x200008d8   0x8c8

"P2", part 3 of 3:                         0xc00
  CSTACK                      0x200008d8   0x400  <Block>
    CSTACK           uninit   0x200008d8   0x400  <Block tail>
  HEAP                        0x20000cd8   0x800  <Block>
    HEAP             uninit   0x20000cd8   0x800  <Block tail>
                            - 0x200014d8   0xc00


*******************************************************************************
*** INIT TABLE
***

          Address     Size
          -------     ----
Zero (__iar_zero_init3)
    1 destination range, total size 0x8c8:
          0x20000010  0x8c8

Copy (__iar_copy_init3)
    1 source range, total size 0x10:
          0x0000627c   0x10
    1 destination range, total size 0x10:
          0x20000000   0x10



*******************************************************************************
*** MODULE SUMMARY
***

    Module                  ro code  ro data  rw data
    ------                  -------  -------  -------
D:\RoboconCode\19_frame\EWARM\19_frame\Obj: [1]
    can.o                       184                40
    can_func.o                   32
    can_utils.o                 328               132
    chassis.o                   204                 8
    cmd.o                       812               656
    cmd_func.o                  140
    configure.o                                    72
    dma.o                       120
    gpio.o                      550
    hash.o                      520
    main.o                      294
    simplelib.o                 100
    startup_stm32f407xx.o       700
    stm32f4xx_hal.o             184       12       12
    stm32f4xx_hal_can.o       1 644
    stm32f4xx_hal_cortex.o      200
    stm32f4xx_hal_dma.o       1 024
    stm32f4xx_hal_gpio.o        492
    stm32f4xx_hal_msp.o          56
    stm32f4xx_hal_rcc.o       1 168
    stm32f4xx_hal_tim.o       1 160
    stm32f4xx_hal_tim_ex.o      146
    stm32f4xx_hal_uart.o      1 614
    stm32f4xx_it.o              120
    system_stm32f4xx.o           80       12        4
    tim.o                       492               128
    usart.o                     946               704
    vec.o                        44
    -------------------------------------------------
    Total:                   13 354       24    1 756

command line: [2]
    -------------------------------------------------
    Total:

dl7M_tln.a: [3]
    abort.o                       6
    dlmalloc.o                3 960               496
    exit.o                        4
    low_level_init.o              4
    strcspn.o                    34
    strspn.o                     34
    strtok.o                     72                 4
    vsnprint.o                   60
    xfail_s.o                    64                 4
    xgetmemchunk.o               44                 4
    xprintffull_nomb.o        3 618
    xsnprout.o                   26
    -------------------------------------------------
    Total:                    7 926               508

m7M_tls.a: [4]
    DblAdd.o                    360
    DblCmpGe.o                   46
    DblCmpLe.o                   46
    DblDiv.o                    582
    DblMul.o                    418
    DblSub.o                    226
    DblToFlt.o                  104
    DblToS32.o                   58
    DblToU32.o                   40
    FltAdd.o                     18
    FltDiv.o                     18
    FltMul.o                     18
    FltSub.o                     18
    FltToDbl.o                   72
    S32ToDbl.o                   34
    U32ToDbl.o                   26
    fpinit_M.o                   34
    frexp.o                     112
    ldexp.o                     314
    sqrt.o                      242
    -------------------------------------------------
    Total:                    2 786

rt7M_tl.a: [5]
    ABImemclr4.o                  6
    ABImemcpy.o                 166
    ABImemset48.o                50
    I64DivMod.o                 558
    I64DivZer.o                   2
    cexit.o                      10
    cmain.o                      30
    copy_init3.o                 44
    cstartup_M.o                 12
    data_init.o                  40
    memchr.o                     88
    strchr.o                     22
    strcmp.o                     74
    strcpy.o                     76
    strlen.o                     54
    zero_init3.o                 64
    -------------------------------------------------
    Total:                    1 296

shb_l.a: [6]
    ABIassert.o                  36
    exit.o                       20
    -------------------------------------------------
    Total:                       56

    Gaps                         60        2
    Linker created                        36    3 072
-----------------------------------------------------
    Grand Total:             25 478       62    5 336


*******************************************************************************
*** ENTRY LIST
***

Entry                      Address   Size  Type      Object
-----                      -------   ----  ----      ------
.iar.init_table$$Base   0x00006214          --   Gb  - Linker created -
.iar.init_table$$Limit  0x00006238          --   Gb  - Linker created -
?main                   0x00006239         Code  Gb  cmain.o [5]
AHBPrescTable           0x0000614c   0x10  Data  Gb  system_stm32f4xx.o [1]
APBPrescTable           0x00006298    0x8  Data  Gb  system_stm32f4xx.o [1]
BusFault_Handler        0x0000608b    0x2  Code  Gb  stm32f4xx_it.o [1]
CAN1_RX0_IRQHandler     0x000060a5    0x6  Code  Gb  stm32f4xx_it.o [1]
CMD_USART               0x20000450   0x40  Data  Gb  cmd.o [1]
CSTACK$$Base            0x200008d8          --   Gb  - Linker created -
CSTACK$$Limit           0x20000cd8          --   Gb  - Linker created -
DMA1_Stream1_IRQHandler
                        0x00006099    0x6  Code  Gb  stm32f4xx_it.o [1]
DMA1_Stream3_IRQHandler
                        0x0000609f    0x6  Code  Gb  stm32f4xx_it.o [1]
DMA2_Stream2_IRQHandler
                        0x000060cb    0x6  Code  Gb  stm32f4xx_it.o [1]
DMA2_Stream7_IRQHandler
                        0x000060d1    0x6  Code  Gb  stm32f4xx_it.o [1]
DMAUSART_RX_BUF         0x200004f8   0x64  Data  Gb  cmd.o [1]
DMAUSART_RX_BUF_vega    0x20000380   0x64  Data  Gb  cmd.o [1]
DMA_CalcBaseAndBitshift
                        0x00005845   0x28  Code  Lc  stm32f4xx_hal_dma.o [1]
DMA_CalcBaseAndBitshift::flagBitshiftOffset
                        0x0000586c    0x8  Data  Lc  stm32f4xx_hal_dma.o [1]
DMA_RxOK_Flag           0x200003e4    0x4  Data  Gb  cmd.o [1]
DMA_RxOK_Flag_vega      0x200003e8    0x4  Data  Gb  cmd.o [1]
DMA_SetConfig           0x00005825   0x20  Code  Lc  stm32f4xx_hal_dma.o [1]
DMAaRxBuffer            0x200003ec   0x64  Data  Gb  cmd.o [1]
DMAaRxBuffer_vega       0x20000590   0x64  Data  Gb  cmd.o [1]
DebugMon_Handler        0x00006091    0x2  Code  Gb  stm32f4xx_it.o [1]
Error_Handler           0x000035d1    0x2  Code  Gb  main.o [1]
HAL_CAN_ActivateNotification
                        0x00003073   0x16  Code  Gb  stm32f4xx_hal_can.o [1]
HAL_CAN_AddTxMessage    0x00002e99   0xb6  Code  Gb  stm32f4xx_hal_can.o [1]
HAL_CAN_ConfigFilter    0x00002d3f   0xd0  Code  Gb  stm32f4xx_hal_can.o [1]
HAL_CAN_GetRxMessage    0x00002f75   0xea  Code  Gb  stm32f4xx_hal_can.o [1]
HAL_CAN_IRQHandler      0x0000308f  0x1f8  Code  Gb  stm32f4xx_hal_can.o [1]
HAL_CAN_Init            0x00002c31  0x10e  Code  Gb  stm32f4xx_hal_can.o [1]
HAL_CAN_MspInit         0x000032c9   0x66  Code  Gb  can.o [1]
HAL_CAN_RxFifo0FullCallback
                        0x0000347d    0x2  Code  Gb  can_utils.o [1]
HAL_CAN_RxFifo0MsgPendingCallback
                        0x00003423   0x24  Code  Gb  can_utils.o [1]
HAL_CAN_Start           0x00002e1d   0x4c  Code  Gb  stm32f4xx_hal_can.o [1]
HAL_DMA_Abort           0x000055c5   0x8a  Code  Gb  stm32f4xx_hal_dma.o [1]
HAL_DMA_Abort_IT        0x0000564f   0x24  Code  Gb  stm32f4xx_hal_dma.o [1]
HAL_DMA_IRQHandler      0x00005673  0x188  Code  Gb  stm32f4xx_hal_dma.o [1]
HAL_DMA_Init            0x00005475   0xe6  Code  Gb  stm32f4xx_hal_dma.o [1]
HAL_DMA_Start_IT        0x0000555b   0x6a  Code  Gb  stm32f4xx_hal_dma.o [1]
HAL_Delay               0x000052bd   0x28  Code  Wk  stm32f4xx_hal.o [1]
HAL_GPIO_Init           0x000035dd  0x1b2  Code  Gb  stm32f4xx_hal_gpio.o [1]
HAL_GPIO_WritePin       0x0000378f    0x8  Code  Gb  stm32f4xx_hal_gpio.o [1]
HAL_GetTick             0x00003341    0xc  Code  Wk  stm32f4xx_hal.o [1]
HAL_IncTick             0x000060fd   0x10  Code  Wk  stm32f4xx_hal.o [1]
HAL_Init                0x00003d1d   0x30  Code  Gb  stm32f4xx_hal.o [1]
HAL_InitTick            0x000053fd   0x40  Code  Wk  stm32f4xx_hal.o [1]
HAL_MspInit             0x0000543d   0x38  Code  Gb  stm32f4xx_hal_msp.o [1]
HAL_NVIC_EnableIRQ      0x00004603   0x16  Code  Gb  stm32f4xx_hal_cortex.o [1]
HAL_NVIC_SetPriority    0x000045c9   0x3a  Code  Gb  stm32f4xx_hal_cortex.o [1]
HAL_NVIC_SetPriorityGrouping
                        0x000045af   0x1a  Code  Gb  stm32f4xx_hal_cortex.o [1]
HAL_RCC_ClockConfig     0x000049ad   0xfe  Code  Gb  stm32f4xx_hal_rcc.o [1]
HAL_RCC_GetPCLK1Freq    0x00004ab7   0x10  Code  Gb  stm32f4xx_hal_rcc.o [1]
HAL_RCC_GetPCLK2Freq    0x00004ac7    0xe  Code  Gb  stm32f4xx_hal_rcc.o [1]
HAL_RCC_OscConfig       0x000046bd  0x2f0  Code  Wk  stm32f4xx_hal_rcc.o [1]
HAL_SYSTICK_Config      0x00004619   0x28  Code  Gb  stm32f4xx_hal_cortex.o [1]
HAL_TIMEx_ConfigBreakDeadTime
                        0x00005d3b   0x54  Code  Gb  stm32f4xx_hal_tim_ex.o [1]
HAL_TIMEx_MasterConfigSynchronization
                        0x00005cfd   0x3e  Code  Gb  stm32f4xx_hal_tim_ex.o [1]
HAL_TIM_Base_Init       0x00005875   0x1a  Code  Gb  stm32f4xx_hal_tim.o [1]
HAL_TIM_Base_MspInit    0x000044ed   0x26  Code  Gb  tim.o [1]
HAL_TIM_ConfigClockSource
                        0x000059b5   0x90  Code  Gb  stm32f4xx_hal_tim.o [1]
HAL_TIM_MspPostInit     0x00004513   0x4e  Code  Gb  tim.o [1]
HAL_TIM_PWM_ConfigChannel
                        0x000058cd   0xc0  Code  Gb  stm32f4xx_hal_tim.o [1]
HAL_TIM_PWM_Init        0x000058a3   0x1a  Code  Gb  stm32f4xx_hal_tim.o [1]
HAL_TIM_PWM_MspInit     0x000044c7   0x26  Code  Gb  tim.o [1]
HAL_UART_DMAStop        0x00004d27   0x48  Code  Gb  stm32f4xx_hal_uart.o [1]
HAL_UART_ErrorCallback  0x00004361   0x42  Code  Gb  usart.o [1]
HAL_UART_IDLECallback   0x00003a69   0xaa  Code  Gb  cmd.o [1]
HAL_UART_IRQHandler     0x00004d87  0x152  Code  Gb  stm32f4xx_hal_uart.o [1]
HAL_UART_Init           0x00004ba5   0x1e  Code  Gb  stm32f4xx_hal_uart.o [1]
HAL_UART_MspInit        0x0000407b  0x278  Code  Gb  usart.o [1]
HAL_UART_Receive_DMA    0x00004c95   0x92  Code  Gb  stm32f4xx_hal_uart.o [1]
HAL_UART_Transmit_DMA   0x00004c1d   0x78  Code  Gb  stm32f4xx_hal_uart.o [1]
HCAN                    0x20000884   0x28  Data  Gb  can_utils.o [1]
HEAP$$Base              0x20000cd8          --   Gb  - Linker created -
HEAP$$Limit             0x200014d8          --   Gb  - Linker created -
HardFault_Handler       0x00006087    0x2  Code  Gb  stm32f4xx_it.o [1]
HashTable_create        0x000037f9   0x42  Code  Gb  hash.o [1]
HashTable_get           0x000038d5   0x5c  Code  Gb  hash.o [1]
HashTable_insert        0x00003849   0x84  Code  Gb  hash.o [1]
HashTable_map           0x00003931   0x60  Code  Gb  hash.o [1]
LoadInt                 0x00001313   0x7a  Code  Lc  xprintffull_nomb.o [3]
MX_CAN1_Init            0x00003289   0x40  Code  Gb  can.o [1]
MX_DMA_Init             0x00003f79   0x78  Code  Gb  dma.o [1]
MX_GPIO_Init            0x00003d51  0x1c8  Code  Gb  gpio.o [1]
MX_TIM1_Init            0x000043a5   0xb2  Code  Gb  tim.o [1]
MX_TIM3_Init            0x00004459   0x60  Code  Gb  tim.o [1]
MX_UART4_Init           0x00003ff1   0x14  Code  Gb  usart.o [1]
MX_UART5_Init           0x00004005   0x14  Code  Gb  usart.o [1]
MX_USART1_UART_Init     0x00004021   0x14  Code  Gb  usart.o [1]
MX_USART2_UART_Init     0x00004053   0x14  Code  Gb  usart.o [1]
MX_USART3_UART_Init     0x00004067   0x14  Code  Gb  usart.o [1]
MemManage_Handler       0x00006089    0x2  Code  Gb  stm32f4xx_it.o [1]
NMI_Handler             0x00006085    0x2  Code  Gb  stm32f4xx_it.o [1]
PendSV_Handler          0x00006093    0x2  Code  Gb  stm32f4xx_it.o [1]
Region$$Table$$Base     0x00006214          --   Gb  - Linker created -
Region$$Table$$Limit    0x00006238          --   Gb  - Linker created -
RxHeader                0x2000062c   0x1c  Data  Gb  can_utils.o [1]
SVC_Handler             0x0000608f    0x2  Code  Gb  stm32f4xx_it.o [1]
SysTick_Handler         0x00006095    0x4  Code  Gb  stm32f4xx_it.o [1]
SystemClock_Config      0x0000352d   0x92  Code  Gb  main.o [1]
SystemCoreClock         0x2000000c    0x4  Data  Gb  system_stm32f4xx.o [1]
SystemInit              0x0000610d   0x30  Code  Gb  system_stm32f4xx.o [1]
TIM_Base_SetConfig      0x00005a6f   0x96  Code  Gb  stm32f4xx_hal_tim.o [1]
TIM_ETR_SetConfig       0x00005ce3   0x14  Code  Gb  stm32f4xx_hal_tim.o [1]
TIM_ITRx_SetConfig      0x00005cd3   0x10  Code  Lc  stm32f4xx_hal_tim.o [1]
TIM_OC1_SetConfig       0x00005b05   0x52  Code  Lc  stm32f4xx_hal_tim.o [1]
TIM_OC2_SetConfig       0x00005b57   0x60  Code  Gb  stm32f4xx_hal_tim.o [1]
TIM_OC3_SetConfig       0x00005bb7   0x58  Code  Lc  stm32f4xx_hal_tim.o [1]
TIM_OC4_SetConfig       0x00005c1b   0x46  Code  Lc  stm32f4xx_hal_tim.o [1]
TIM_TI1_ConfigInputStage
                        0x00005c91   0x1e  Code  Lc  stm32f4xx_hal_tim.o [1]
TIM_TI2_ConfigInputStage
                        0x00005caf   0x24  Code  Lc  stm32f4xx_hal_tim.o [1]
TxHeader                0x200005f8   0x18  Data  Gb  can_utils.o [1]
TxMailbox               0x20000650    0x4  Data  Gb  can_utils.o [1]
UART_DMAAbortOnError    0x00004fc5    0xc  Code  Lc  stm32f4xx_hal_uart.o [1]
UART_DMAError           0x00004f4d   0x4a  Code  Lc  stm32f4xx_hal_uart.o [1]
UART_DMAReceiveCplt     0x00004f0d   0x38  Code  Lc  stm32f4xx_hal_uart.o [1]
UART_DMARxHalfCplt      0x00004f45    0x6  Code  Lc  stm32f4xx_hal_uart.o [1]
UART_DMATransmitCplt    0x00004ed9   0x2a  Code  Lc  stm32f4xx_hal_uart.o [1]
UART_DMATxHalfCplt      0x00004f05    0x6  Code  Lc  stm32f4xx_hal_uart.o [1]
UART_EndRxTransfer      0x00004fa9   0x1c  Code  Lc  stm32f4xx_hal_uart.o [1]
UART_EndTxTransfer      0x00004f97   0x12  Code  Lc  stm32f4xx_hal_uart.o [1]
UART_Receive_IT         0x00004fd1   0x96  Code  Lc  stm32f4xx_hal_uart.o [1]
UART_SetConfig          0x00005067  0x13a  Code  Lc  stm32f4xx_hal_uart.o [1]
USART1_IRQHandler       0x000060ab    0x6  Code  Gb  stm32f4xx_it.o [1]
USART2_IRQHandler       0x000060b1    0x6  Code  Gb  stm32f4xx_it.o [1]
USART3_IRQHandler       0x000060b7   0x14  Code  Gb  stm32f4xx_it.o [1]
UsageFault_Handler      0x0000608d    0x2  Code  Gb  stm32f4xx_it.o [1]
_GenldFullNoMb          0x00001c81  0x274  Code  Lc  xprintffull_nomb.o [3]
_LdtobFullNoMb          0x00001855  0x3fe  Code  Lc  xprintffull_nomb.o [3]
_LitobFullNoMb          0x000016fd  0x112  Code  Lc  xprintffull_nomb.o [3]
_PrintfFullNoMb         0x00001161  0x1a4  Code  Gb  xprintffull_nomb.o [3]
_PutcharsFullNoMb       0x00001ef5   0x2e  Code  Lc  xprintffull_nomb.o [3]
_PutfldFullNoMb         0x0000138d  0x264  Code  Lc  xprintffull_nomb.o [3]
_PuttxtFullNoMb         0x000015f1  0x10c  Code  Lc  xprintffull_nomb.o [3]
_SNProut                0x00001107   0x1a  Code  Gb  xsnprout.o [3]
_Strtok_ssave           0x200008cc    0x4  Data  Lc  strtok.o [3]
__NVIC_SetPriority      0x00004591   0x1e  Code  Lc  stm32f4xx_hal_cortex.o [1]
__aeabi_assert          0x00004b81   0x24  Code  Gb  ABIassert.o [6]
__aeabi_cdcmple         0x00002559         Code  Gb  DblCmpLe.o [4]
__aeabi_cdrcmple        0x00002589         Code  Gb  DblCmpGe.o [4]
__aeabi_d2f             0x00005ec5         Code  Gb  DblToFlt.o [4]
__aeabi_d2iz            0x000026f5         Code  Gb  DblToS32.o [4]
__aeabi_d2uiz           0x00002a81         Code  Gb  DblToU32.o [4]
__aeabi_ddiv            0x00002839         Code  Gb  DblDiv.o [4]
__aeabi_dmul            0x0000229d         Code  Gb  DblMul.o [4]
__aeabi_dsub            0x00002755         Code  Gb  DblSub.o [4]
__aeabi_f2d             0x00005e7d         Code  Gb  FltToDbl.o [4]
__aeabi_fadd            0x00005f2d   0x12  Code  Gb  FltAdd.o [4]
__aeabi_fdiv            0x00005e69   0x12  Code  Gb  FltDiv.o [4]
__aeabi_fmul            0x00005f7d   0x12  Code  Gb  FltMul.o [4]
__aeabi_fsub            0x00005f3f   0x12  Code  Gb  FltSub.o [4]
__aeabi_i2d             0x00002731         Code  Gb  S32ToDbl.o [4]
__aeabi_ldiv0           0x00002ac5         Code  Gb  I64DivZer.o [5]
__aeabi_memclr4         0x000035d5         Code  Gb  ABImemclr4.o [5]
__aeabi_memcpy          0x00002441         Code  Gb  ABImemcpy.o [5]
__aeabi_memcpy4         0x00002461         Code  Gb  ABImemcpy.o [5]
__aeabi_memcpy8         0x00002461         Code  Gb  ABImemcpy.o [5]
__aeabi_ui2d            0x00002aa9         Code  Gb  U32ToDbl.o [4]
__aeabi_uldivmod        0x0000206d         Code  Gb  I64DivMod.o [5]
__cmain                 0x00006239         Code  Gb  cmain.o [5]
__data_GetMemChunk      0x00001121   0x2c  Code  Gb  xgetmemchunk.o [3]
__data_GetMemChunk::start
                        0x200008d0    0x4  Data  Lc  xgetmemchunk.o [3]
__exit                  0x0000114d   0x14  Code  Gb  exit.o [6]
__iar_Fail_s            0x00001f9d   0x1c  Code  Gb  xfail_s.o [3]
__iar_Memchr            0x00002015         Code  Gb  memchr.o [5]
__iar_Memset4_word      0x00004b4d         Code  Gb  ABImemset48.o [5]
__iar_Memset8_word      0x00004b4d         Code  Gb  ABImemset48.o [5]
__iar_Strchr            0x00001f85         Code  Gb  strchr.o [5]
__iar_copy_init3        0x0000619d   0x2c  Code  Gb  copy_init3.o [5]
__iar_dadd              0x00002765         Code  Gb  DblSub.o [4]
__iar_data_init3        0x000061c9   0x28  Code  Gb  data_init.o [5]
__iar_dlmalloc          0x00000e45  0x2b6  Code  Gb  dlmalloc.o [3]
__iar_dsub              0x00002ac9         Code  Gb  DblAdd.o [4]
__iar_dsubStart         0x00002adb         Code  Gb  DblAdd.o [4]
__iar_frexp             0x000024f5         Code  Gb  frexp.o [4]
__iar_frexpl            0x000024f5         Code  Gb  frexp.o [4]
__iar_init_vfp          0x000061f1         Code  Gb  fpinit_M.o [4]
__iar_ldexp64           0x000025b9         Code  Gb  ldexp.o [4]
__iar_program_start     0x0000628d         Code  Gb  cstartup_M.o [5]
__iar_scalbln64         0x000025b9         Code  Gb  ldexp.o [4]
__iar_scalbn64          0x000025b9         Code  Gb  ldexp.o [4]
__iar_softfp___iar_frexp64
                        0x000024e9         Code  Gb  frexp.o [4]
__iar_softfp_frexp      0x000024e9         Code  Gb  frexp.o [4]
__iar_softfp_frexpl     0x000024e9         Code  Gb  frexp.o [4]
__iar_sqrt64            0x00005f91         Code  Gb  sqrt.o [4]
__iar_systems$$module {Abs}
                        0x00000001         Data  Gb  command line/config [2]
__iar_zero_init3        0x0000615d   0x40  Code  Gb  zero_init3.o [5]
__low_level_init        0x00006257    0x4  Code  Gb  low_level_init.o [3]
__vector_table          0x00000000         Data  Gb  startup_stm32f407xx.o [1]
_call_main              0x00006245         Code  Gb  cmain.o [5]
_cmd_help               0x00003c39    0xc  Code  Lc  cmd.o [1]
_exit                   0x00006261         Code  Gb  cexit.o [5]
_gm_                    0x20000010  0x1d8  Data  Lc  dlmalloc.o [3]
_main                   0x00006253         Code  Gb  cmain.o [5]
abort                   0x00001101    0x6  Code  Gb  abort.o [3]
action_init_posx        0x200008c4    0x4  Data  Gb  chassis.o [1]
action_init_posy        0x200008c8    0x4  Data  Gb  chassis.o [1]
add_segment             0x0000054d  0x1f2  Code  Lc  dlmalloc.o [3]
buffer_count            0x2000055c    0x4  Data  Gb  cmd.o [1]
can_callback_add        0x000033e7   0x1e  Code  Gb  can_utils.o [1]
can_callback_table      0x2000064c    0x4  Data  Lc  can_utils.o [1]
can_exc_callback        0x00003405   0x1e  Code  Gb  can_utils.o [1]
can_exc_callback_flag   0x20000628    0x4  Data  Gb  can_utils.o [1]
can_func_init           0x000039d1    0xa  Code  Gb  can_func.o [1]
can_init                0x00003359   0x8e  Code  Gb  can_utils.o [1]
can_rx_data             0x20000610    0x8  Data  Gb  can_utils.o [1]
can_send_test           0x00003449   0x2a  Code  Gb  can_utils.o [1]
can_suc_rx              0x000039dd    0x6  Code  Gb  can_func.o [1]
can_tx_data             0x20000618    0x8  Data  Gb  can_utils.o [1]
chassis                 0x20000654   0x48  Data  Gb  configure.o [1]
chassis_update          0x00005331   0x9e  Code  Gb  chassis.o [1]
cmd_add                 0x00003b95   0x52  Code  Gb  cmd.o [1]
cmd_argv                0x20000560   0x30  Data  Gb  cmd.o [1]
cmd_can_test            0x00005dc1   0x12  Code  Gb  cmd_func.o [1]
cmd_exec                0x00003b4d   0x2a  Code  Gb  cmd.o [1]
cmd_func_init           0x00005d91   0x26  Code  Gb  cmd_func.o [1]
cmd_hello_func          0x00005db9    0x6  Code  Gb  cmd_func.o [1]
cmd_help_func           0x00003b79   0x1c  Code  Gb  cmd.o [1]
cmd_init                0x00003a19   0x28  Code  Gb  cmd.o [1]
cmd_parse               0x00003b21   0x2c  Code  Gb  cmd.o [1]
cmd_table               0x200005f4    0x4  Data  Lc  cmd.o [1]
cmpAtom                 0x000037c9    0xc  Code  Lc  hash.o [1]
exit                    0x0000625b    0x4  Code  Gb  exit.o [3]
freeKeyAtom             0x000037d9    0x2  Code  Lc  hash.o [1]
hashAtom                0x000037d5    0x4  Code  Lc  hash.o [1]
hashStr                 0x000037db   0x1e  Code  Gb  hash.o [1]
hash_id                 0x00003481    0x4  Code  Lc  can_utils.o [1]
hcan1                   0x2000085c   0x28  Data  Gb  can.o [1]
hdma_usart1_rx          0x20000248   0x60  Data  Gb  usart.o [1]
hdma_usart1_tx          0x200001e8   0x60  Data  Gb  usart.o [1]
hdma_usart3_rx          0x200002a8   0x60  Data  Gb  usart.o [1]
hdma_usart3_tx          0x20000308   0x60  Data  Gb  usart.o [1]
htim1                   0x2000069c   0x40  Data  Gb  tim.o [1]
htim3                   0x200006dc   0x40  Data  Gb  tim.o [1]
huart1                  0x2000079c   0x40  Data  Gb  usart.o [1]
huart2                  0x200007dc   0x40  Data  Gb  usart.o [1]
huart3                  0x2000081c   0x40  Data  Gb  usart.o [1]
huart4                  0x2000071c   0x40  Data  Gb  usart.o [1]
huart5                  0x2000075c   0x40  Data  Gb  usart.o [1]
id_cmp                  0x00003485   0x10  Code  Lc  can_utils.o [1]
init_mparams            0x000001a7   0x32  Code  Lc  dlmalloc.o [3]
init_top                0x000001d9   0x32  Code  Lc  dlmalloc.o [3]
ldexp                   0x000025b9         Code  Gb  ldexp.o [4]
ldexpl                  0x000025b9         Code  Gb  ldexp.o [4]
main                    0x000034ad   0x80  Code  Gb  main.o [1]
memchr                  0x00002015         Code  Gb  memchr.o [5]
mparams                 0x200008ac   0x18  Data  Lc  dlmalloc.o [3]
posture                 0x20000368   0x18  Data  Lc  cmd.o [1]
prepend_alloc           0x0000020b  0x342  Code  Lc  dlmalloc.o [3]
print_buffer            0x20000490   0x68  Data  Gb  cmd.o [1]
rx_buffer               0x20000620    0x8  Data  Lc  can_utils.o [1]
rx_id                   0x20000648    0x4  Data  Lc  can_utils.o [1]
scalbln                 0x000025b9         Code  Gb  ldexp.o [4]
scalblnl                0x000025b9         Code  Gb  ldexp.o [4]
scalbn                  0x000025b9         Code  Gb  ldexp.o [4]
scalbnl                 0x000025b9         Code  Gb  ldexp.o [4]
scale                   0x0000180f   0x46  Code  Lc  xprintffull_nomb.o [3]
sec_hand                0x200008d4    0x4  Data  Lc  xfail_s.o [3]
segment_holding         0x00000189   0x1e  Code  Lc  dlmalloc.o [3]
simplelib_init          0x00004659   0x22  Code  Gb  simplelib.o [1]
simplelib_run           0x0000467b   0x20  Code  Gb  simplelib.o [1]
sqrt                    0x00005f91         Code  Gb  sqrt.o [4]
sqrtl                   0x00005f91         Code  Gb  sqrt.o [4]
str_cmp                 0x00003c29    0xe  Code  Lc  cmd.o [1]
strchr                  0x00001f85         Code  Gb  strchr.o [5]
strcmp                  0x000052e5         Code  Gb  strcmp.o [5]
strcpy                  0x000051ed         Code  Gb  strcpy.o [5]
strcspn                 0x00005e47   0x22  Code  Gb  strcspn.o [3]
strlen                  0x00001fdd         Code  Gb  strlen.o [5]
strspn                  0x00005e25   0x22  Code  Gb  strspn.o [3]
strtok                  0x00005239   0x48  Code  Gb  strtok.o [3]
sys_alloc               0x00000745  0x164  Code  Lc  dlmalloc.o [3]
tmalloc_large           0x000008b5  0x384  Code  Lc  dlmalloc.o [3]
tmalloc_small           0x00000c39  0x1fe  Code  Lc  dlmalloc.o [3]
uprintf                 0x00003be7   0x40  Code  Gb  cmd.o [1]
usart_DMA_init          0x000039f1   0x28  Code  Gb  cmd.o [1]
usart_exc_DMA           0x00003a41   0x28  Code  Gb  cmd.o [1]
usart_exc_DMA_vega      0x00003c45   0x6a  Code  Gb  cmd.o [1]
uwTick                  0x20000004    0x4  Data  Gb  stm32f4xx_hal.o [1]
uwTickFreq              0x20000000    0x1  Data  Gb  stm32f4xx_hal.o [1]
uwTickPrio              0x20000008    0x4  Data  Gb  stm32f4xx_hal.o [1]
vec_create              0x00005f77    0x6  Code  Gb  vec.o [1]
vec_model               0x00005f51   0x26  Code  Gb  vec.o [1]
vsnprintf               0x00005281   0x3c  Code  Gb  vsnprint.o [3]


[1] = D:\RoboconCode\19_frame\EWARM\19_frame\Obj
[2] = command line
[3] = dl7M_tln.a
[4] = m7M_tls.a
[5] = rt7M_tl.a
[6] = shb_l.a

  25 478 bytes of readonly  code memory
      62 bytes of readonly  data memory
   5 336 bytes of readwrite data memory

Errors: none
Warnings: none
